Microchip MPLAB XC8 Compiler V1.33 ()

Linker command line:

--edf=C:\Program Files (x86)\Microchip\xc8\v1.33\dat\en_msgs.txt -cs \
  -h+CpE 3201-LE7-3.sym --cmf=CpE 3201-LE7-3.cmf -z -Q16F877A \
  -oC:\Users\danid\AppData\Local\Temp\s6dk.6 -MCpE 3201-LE7-3.map -E1 \
  -ver=XC8 -ASTACK=0110h-016fh -pstack=STACK -ACONST=00h-0FFhx32 \
  -ACODE=00h-07FFhx4 -ASTRCODE=00h-01FFFh -AENTRY=00h-0FFhx32 \
  -ASTRING=00h-0FFhx32 -ACOMMON=070h-07Fh -ABANK0=020h-06Fh \
  -ABANK1=0A0h-0EFh -ABANK2=0110h-016Fh -ABANK3=0190h-01EFh \
  -ARAM=020h-06Fh,0A0h-0EFh,0110h-016Fh,0190h-01EFh \
  -AABS1=020h-07Fh,0A0h-0EFh,0110h-016Fh,0190h-01EFh -ASFR0=00h-01Fh \
  -ASFR1=080h-09Fh -ASFR2=0100h-010Fh -ASFR3=0180h-018Fh \
  -preset_vec=00h,intentry,init,end_init -ppowerup=CODE -pcinit=CODE \
  -pfunctab=CODE -ACONFIG=02007h-02007h -pconfig=CONFIG -DCONFIG=2 \
  -AIDLOC=02000h-02003h -pidloc=IDLOC -DIDLOC=2 -AEEDATA=00h-0FFh/02100h \
  -peeprom_data=EEDATA -DEEDATA=2 -DCODE=2 -DSTRCODE=2 -DSTRING=2 -DCONST=2 \
  -DENTRY=2 -k startup.obj CpE 3201-LE7-3.obj 

Object code version is 3.11

Machine type is 16F877A



                Name                               Link     Load   Length Selector   Space Scale
startup.obj     end_init                              0        0        3        0       0
                config                             2007     2007        1     400E       0
CpE 3201-LE7-3.obj
                cinit                               7F0      7F0       10      FE0       0
                text33                             1255     1255        8     24AA       0
                text32                             132A     132A       26     2654       0
                text31                             1240     1240        7     2480       0
                text30                              800      800        9      FE0       0
                text29                             1247     1247        7     248E       0
                text28                             124E     124E        7     249C       0
                text27                             1574     1574       68     2AE8       0
                text26                                3        3       B8        0       0
                text25                             12BE     12BE       14     257C       0
                text24                             139C     139C       27     2738       0
                text23                             1285     1285       13     250A       0
                text22                             1298     1298       13     2530       0
                text21                             1350     1350       26     26A0       0
                text20                             1265     1265        F     24CA       0
                text19                             145C     145C       5D     28B8       0
                text18                             125D     125D        8     24BA       0
                text17                              834      834      109     1068       0
                text16                             12EB     12EB       1C     25D6       0
                text15                             15DC     15DC       8E     2BB8       0
                text14                             1516     1516       5E     2A2C       0
                text13                             13C3     13C3       4C     2786       0
                text12                              809      809       2B     1012       0
                text11                             1307     1307       23     260E       0
                text10                              93D      93D      132     127A       0
                text9                              166A     166A       C3     2CD4       0
                text8                              14B9     14B9       5D     2972       0
                text7                              140F     140F       4D     281E       0
                text6                              12AB     12AB       13     2556       0
                text5                              172D     172D       D3     2E5A       0
                text4                                BB       BB      19C      176       0
                text3                               A6F      A6F      29F     14DE       0
                text2                               257      257      599      4AE       0
                text1                              1376     1376       26     26EC       0
                maintext                            D0E      D0E      2F2     1A1C       0
                cstackBANK0                          20       20       4D       20       1
                cstackCOMMON                         70       70        E       70       1
                cstackBANK1                          A0       A0       26       A0       1
                cstackBANK3                         190      190       31      190       1
                inittext                           1274     1274       11     24E8       0
                dataBANK3                           1C1      1C1       19      190       1
                strings                            1000     1000       7F     2000       0
                idataBANK3                         12D2     12D2       19     25A4       0

TOTAL           Name                               Link     Load   Length     Space
        CLASS   STACK          

        CLASS   CONST          

        CLASS   CODE           
                end_init                              0        0        3         0
                cinit                               7F0      7F0       10         0
                text33                             1255     1255        8         0
                text32                             132A     132A       26         0
                text31                             1240     1240        7         0
                text30                              800      800        9         0
                text29                             1247     1247        7         0
                text28                             124E     124E        7         0
                text27                             1574     1574       68         0
                text26                                3        3       B8         0
                text25                             12BE     12BE       14         0
                text24                             139C     139C       27         0
                text23                             1285     1285       13         0
                text22                             1298     1298       13         0
                text21                             1350     1350       26         0
                text20                             1265     1265        F         0
                text19                             145C     145C       5D         0
                text18                             125D     125D        8         0
                text17                              834      834      109         0
                text16                             12EB     12EB       1C         0
                text15                             15DC     15DC       8E         0
                text14                             1516     1516       5E         0
                text13                             13C3     13C3       4C         0
                text12                              809      809       2B         0
                text11                             1307     1307       23         0
                text10                              93D      93D      132         0
                text9                              166A     166A       C3         0
                text8                              14B9     14B9       5D         0
                text7                              140F     140F       4D         0
                text6                              12AB     12AB       13         0
                text5                              172D     172D       D3         0
                text4                                BB       BB      19C         0
                text3                               A6F      A6F      29F         0
                text2                               257      257      599         0
                text1                              1376     1376       26         0
                maintext                            D0E      D0E      2F2         0
                inittext                           1274     1274       11         0
                idataBANK3                         12D2     12D2       19         0

        CLASS   STRCODE        

        CLASS   ENTRY          

        CLASS   STRING         
                strings                            1000     1000       7F         0

        CLASS   COMMON         
                cstackCOMMON                         70       70        E         1

        CLASS   BANK0          
                cstackBANK0                          20       20       4D         1

        CLASS   BANK1          
                cstackBANK1                          A0       A0       26         1

        CLASS   BANK2          

        CLASS   BANK3          
                cstackBANK3                         190      190       31         1
                dataBANK3                           1C1      1C1       19         1

        CLASS   RAM            

        CLASS   ABS1           
                abs_s1                               7E       7E        2         1

        CLASS   SFR0           

        CLASS   SFR1           

        CLASS   SFR2           

        CLASS   SFR3           

        CLASS   CONFIG         
                config                             2007     2007        1         0

        CLASS   IDLOC          

        CLASS   EEDATA         



SEGMENTS        Name                           Load    Length   Top    Selector   Space  Class     Delta

                reset_vec                      000000  0000BB  0000BB         0       0  CODE        2
                cstackBANK0                    000020  00004D  00006D        20       1  BANK0       1
                cstackCOMMON                   000070  00000E  00007E        70       1  COMMON      1
                cstackBANK1                    0000A0  000026  0000C6        A0       1  BANK1       1
                text4                          0000BB  00019C  000257       176       0  CODE        2
                cstackBANK3                    000190  00004A  0001DA       190       1  BANK3       1
                text2                          000257  000599  0007F0       4AE       0  CODE        2
                cinit                          0007F0  000019  000809       FE0       0  CODE        2
                text12                         000809  00002B  000834      1012       0  CODE        2
                text17                         000834  000109  00093D      1068       0  CODE        2
                text10                         00093D  000132  000A6F      127A       0  CODE        2
                text3                          000A6F  00029F  000D0E      14DE       0  CODE        2
                maintext                       000D0E  0002F2  001000      1A1C       0  CODE        2
                strings                        001000  00007F  00107F      2000       0  STRING      2
                text31                         001240  000007  001247      2480       0  CODE        2
                text29                         001247  000007  00124E      248E       0  CODE        2
                text28                         00124E  000007  001255      249C       0  CODE        2
                text33                         001255  000008  00125D      24AA       0  CODE        2
                text18                         00125D  000008  001265      24BA       0  CODE        2
                text20                         001265  00000F  001274      24CA       0  CODE        2
                inittext                       001274  000011  001285      24E8       0  CODE        2
                text23                         001285  000013  001298      250A       0  CODE        2
                text22                         001298  000013  0012AB      2530       0  CODE        2
                text6                          0012AB  000013  0012BE      2556       0  CODE        2
                text25                         0012BE  000014  0012D2      257C       0  CODE        2
                idataBANK3                     0012D2  000019  0012EB      25A4       0  CODE        2
                text16                         0012EB  00001C  001307      25D6       0  CODE        2
                text11                         001307  000023  00132A      260E       0  CODE        2
                text32                         00132A  000026  001350      2654       0  CODE        2
                text21                         001350  000026  001376      26A0       0  CODE        2
                text1                          001376  000026  00139C      26EC       0  CODE        2
                text24                         00139C  000027  0013C3      2738       0  CODE        2
                text13                         0013C3  00004C  00140F      2786       0  CODE        2
                text7                          00140F  00004D  00145C      281E       0  CODE        2
                text19                         00145C  00005D  0014B9      28B8       0  CODE        2
                text8                          0014B9  00005D  001516      2972       0  CODE        2
                text14                         001516  00005E  001574      2A2C       0  CODE        2
                text27                         001574  000068  0015DC      2AE8       0  CODE        2
                text15                         0015DC  00008E  00166A      2BB8       0  CODE        2
                text9                          00166A  0000C3  00172D      2CD4       0  CODE        2
                text5                          00172D  0000D3  001800      2E5A       0  CODE        2
                config                         002007  000001  002008      400E       0  CONFIG      2


UNUSED ADDRESS RANGES

        Name                Unused          Largest block    Delta
        BANK0            006D-006F              3           1
        BANK1            00C6-00EF             2A           1
        BANK2            0110-016F             60           1
        BANK3            01DA-01EF             16           1
        CODE             107F-123F            1C1           2
                         1800-1FFF            800
        CONST            107F-123F            100           2
                         1800-1FFF            100
        EEDATA           2100-21FF            100           2
        ENTRY            107F-123F            100           2
                         1800-1FFF            100
        IDLOC            2000-2003              4           2
        RAM              006D-006F              3           1
                         00C6-00EF             2A
                         0110-016F             60
                         01DA-01EF             16
        SFR0             0000-001F             20           1
        SFR1             0080-009F             20           1
        SFR2             0100-010F             10           1
        SFR3             0180-018F             10           1
        STACK            0110-016F             60           1
        STRCODE          107F-123F            1C1           2
                         1800-1FFF            800
        STRING           107F-123F            100           2
                         1800-1FFF            100

                                  Symbol Table

?___awdiv                   cstackCOMMON 0077
?___awmod                   cstackCOMMON 0070
?___ftadd                   cstackBANK0  0050
?___ftdiv                   cstackBANK0  0020
?___ftmul                   cstackBANK0  0030
?___ftneg                   cstackCOMMON 0070
?___ftpack                  cstackCOMMON 0070
?___ftsub                   cstackBANK0  005D
?___fttol                   cstackBANK0  0049
?___lldiv                   cstackCOMMON 0070
?___llmod                   cstackCOMMON 0070
?___lltoft                  cstackCOMMON 0078
?___lwtoft                  cstackCOMMON 0078
?___wmul                    cstackCOMMON 0070
?__div_to_l_                cstackCOMMON 0070
?__tdiv_to_l_               cstackCOMMON 0070
?_fround                    cstackBANK0  0040
?_scale                     cstackBANK0  0040
?_sprintf                   cstackBANK0  0063
?_strlen                    cstackCOMMON 0070
I2C_Receive@ack             cstackCOMMON 0071
I2C_Receive@temp            cstackCOMMON 0072
I2C_Send@data               cstackCOMMON 0070
_ACKDT                      (abs)        048D
_ACKEN                      (abs)        048C
_I2C_Receive                text32       132A
_I2C_RepeatedStart          text31       1240
_I2C_Send                   text30       0800
_I2C_Start                  text29       1247
_I2C_Stop                   text28       124E
_I2C_Wait                   text33       1255
_PEN                        (abs)        048A
_PORTB                      (abs)        0006
_RCEN                       (abs)        048B
_RD0                        (abs)        0040
_RD1                        (abs)        0041
_RD2                        (abs)        0042
_RSEN                       (abs)        0489
_SEN                        (abs)        0488
_SSPADD                     (abs)        0093
_SSPBUF                     (abs)        0013
_SSPCON                     (abs)        0014
_SSPCON2                    (abs)        0091
_SSPSTAT                    (abs)        0094
_TRISB                      (abs)        0086
_TRISC3                     (abs)        043B
_TRISC4                     (abs)        043C
_TRISD                      (abs)        0088
__CFG_BOREN$ON              (abs)        0000
__CFG_CP$OFF                (abs)        0000
__CFG_CPD$OFF               (abs)        0000
__CFG_FOSC$XT               (abs)        0000
__CFG_LVP$OFF               (abs)        0000
__CFG_PWRTE$ON              (abs)        0000
__CFG_WDTE$OFF              (abs)        0000
__CFG_WRT$OFF               (abs)        0000
__Habs1                     abs1         0000
__Hbank0                    bank0        0000
__Hbank1                    bank1        0000
__Hbank2                    bank2        0000
__Hbank3                    bank3        0000
__Hcinit                    cinit        0800
__Hclrtext                  clrtext      0000
__Hcode                     code         0000
__Hcommon                   common       0000
__Hconfig                   config       2008
__HcstackBANK0              cstackBANK0  0000
__HcstackBANK1              cstackBANK1  0000
__HcstackBANK3              cstackBANK3  0000
__HcstackCOMMON             cstackCOMMON 0000
__HdataBANK3                dataBANK3    0000
__Heeprom_data              eeprom_data  0000
__Hend_init                 end_init     0003
__Hfunctab                  functab      0000
__HidataBANK3               idataBANK3   0000
__Hidloc                    idloc        0000
__Hinit                     init         0000
__Hinittext                 inittext     0000
__Hintentry                 intentry     0000
__Hmaintext                 maintext     0000
__Hpowerup                  powerup      0000
__Hram                      ram          0000
__Hreset_vec                reset_vec    0000
__Hsfr0                     sfr0         0000
__Hsfr1                     sfr1         0000
__Hsfr2                     sfr2         0000
__Hsfr3                     sfr3         0000
__Hspace_0                  (abs)        2008
__Hspace_1                  (abs)        01DA
__Hspace_2                  (abs)        0000
__Hspace_3                  (abs)        0000
__Hstack                    stack        0000
__Hstrings                  strings      0000
__Htext                     text         0000
__Labs1                     abs1         0000
__Lbank0                    bank0        0000
__Lbank1                    bank1        0000
__Lbank2                    bank2        0000
__Lbank3                    bank3        0000
__Lcinit                    cinit        07F0
__Lclrtext                  clrtext      0000
__Lcode                     code         0000
__Lcommon                   common       0000
__Lconfig                   config       2007
__LcstackBANK0              cstackBANK0  0000
__LcstackBANK1              cstackBANK1  0000
__LcstackBANK3              cstackBANK3  0000
__LcstackCOMMON             cstackCOMMON 0000
__LdataBANK3                dataBANK3    0000
__Leeprom_data              eeprom_data  0000
__Lend_init                 end_init     0000
__Lfunctab                  functab      0000
__LidataBANK3               idataBANK3   0000
__Lidloc                    idloc        0000
__Linit                     init         0000
__Linittext                 inittext     0000
__Lintentry                 intentry     0000
__Lmaintext                 maintext     0000
__Lpowerup                  powerup      0000
__Lram                      ram          0000
__Lreset_vec                reset_vec    0000
__Lsfr0                     sfr0         0000
__Lsfr1                     sfr1         0000
__Lsfr2                     sfr2         0000
__Lsfr3                     sfr3         0000
__Lspace_0                  (abs)        0000
__Lspace_1                  (abs)        0000
__Lspace_2                  (abs)        0000
__Lspace_3                  (abs)        0000
__Lstack                    stack        0000
__Lstrings                  strings      0000
__Ltext                     text         0000
__S0                        (abs)        2008
__S1                        (abs)        01DA
__S2                        (abs)        0000
__S3                        (abs)        0000
___awdiv                    text8        14B9
___awdiv@counter            cstackBANK0  0020
___awdiv@dividend           cstackCOMMON 0079
___awdiv@divisor            cstackCOMMON 0077
___awdiv@quotient           cstackBANK0  0022
___awdiv@sign               cstackBANK0  0021
___awmod                    text7        140F
___awmod@counter            cstackCOMMON 0075
___awmod@dividend           cstackCOMMON 0072
___awmod@divisor            cstackCOMMON 0070
___awmod@sign               cstackCOMMON 0076
___bmul                     text6        12AB
___bmul@multiplicand        cstackBANK0  0024
___bmul@multiplier          cstackBANK0  0026
___bmul@product             cstackBANK0  0025
___ftadd                    text17       0834
___ftadd@exp1               cstackBANK0  005C
___ftadd@exp2               cstackBANK0  005B
___ftadd@f1                 cstackBANK0  0050
___ftadd@f2                 cstackBANK0  0053
___ftadd@sign               cstackBANK0  005A
___ftdiv                    text26       0003
___ftdiv@cntr               cstackBANK0  002A
___ftdiv@exp                cstackBANK0  002E
___ftdiv@f1                 cstackBANK0  0023
___ftdiv@f2                 cstackBANK0  0020
___ftdiv@f3                 cstackBANK0  002B
___ftdiv@sign               cstackBANK0  002F
___ftge                     text19       145C
___ftge@ff1                 cstackCOMMON 0070
___ftge@ff2                 cstackCOMMON 0073
___ftmul                    text5        172D
___ftmul@cntr               cstackBANK0  003E
___ftmul@exp                cstackBANK0  003A
___ftmul@f1                 cstackBANK0  0030
___ftmul@f2                 cstackBANK0  0033
___ftmul@f3_as_product      cstackBANK0  003B
___ftmul@sign               cstackBANK0  003F
___ftneg                    text18       125D
___ftneg@f1                 cstackCOMMON 0070
___ftpack                   text27       1574
___ftpack@arg               cstackCOMMON 0070
___ftpack@exp               cstackCOMMON 0073
___ftpack@sign              cstackCOMMON 0074
___ftsub                    text16       12EB
___ftsub@f1                 cstackBANK0  0060
___ftsub@f2                 cstackBANK0  005D
___fttol                    text15       15DC
___fttol@exp1               cstackBANK0  0056
___fttol@f1                 cstackBANK0  0049
___fttol@lval               cstackBANK0  0052
___fttol@sign1              cstackBANK0  0051
___int_sp                   stack        0000
___latbits                  (abs)        0002
___lldiv                    text14       1516
___lldiv@counter            cstackCOMMON 007D
___lldiv@dividend           cstackCOMMON 0074
___lldiv@divisor            cstackCOMMON 0070
___lldiv@quotient           cstackCOMMON 0079
___llmod                    text13       13C3
___llmod@counter            cstackCOMMON 0079
___llmod@dividend           cstackCOMMON 0074
___llmod@divisor            cstackCOMMON 0070
___lltoft                   text12       0809
___lltoft@c                 cstackCOMMON 0078
___lltoft@exp               cstackCOMMON 007D
___lwtoft                   text25       12BE
___lwtoft@c                 cstackCOMMON 0078
___sp                       stack        0000
___wmul                     text11       1307
___wmul@multiplicand        cstackCOMMON 0072
___wmul@multiplier          cstackCOMMON 0070
___wmul@product             cstackCOMMON 0074
__div_to_l_                 text10       093D
__div_to_l_@cntr            cstackBANK0  0024
__div_to_l_@exp1            cstackBANK0  0025
__div_to_l_@f1              cstackCOMMON 0070
__div_to_l_@f2              cstackCOMMON 0073
__div_to_l_@quot            cstackBANK0  0020
__end_of_I2C_Receive        text32       1350
__end_of_I2C_RepeatedStart  text31       1247
__end_of_I2C_Send           text30       0809
__end_of_I2C_Start          text29       124E
__end_of_I2C_Stop           text28       1255
__end_of_I2C_Wait           text33       125D
__end_of___awdiv            text8        1516
__end_of___awmod            text7        145C
__end_of___bmul             text6        12BE
__end_of___ftadd            text17       093D
__end_of___ftdiv            text26       00BB
__end_of___ftge             text19       14B9
__end_of___ftmul            text5        1800
__end_of___ftneg            text18       1265
__end_of___ftpack           text27       15DC
__end_of___ftsub            text16       1307
__end_of___fttol            text15       166A
__end_of___lldiv            text14       1574
__end_of___llmod            text13       140F
__end_of___lltoft           text12       0834
__end_of___lwtoft           text25       12D2
__end_of___wmul             text11       132A
__end_of__div_to_l_         text10       0A6F
__end_of__initialization    cinit        07FC
__end_of__npowers_          strings      1055
__end_of__powers_           strings      107C
__end_of__stringdata        strings      107F
__end_of__stringtab         strings      1006
__end_of__tdiv_to_l_        text9        172D
__end_of_dataCtrl           text23       1298
__end_of_delay_ms           text24       13C3
__end_of_dpowers            strings      102E
__end_of_fround             text4        0257
__end_of_initLCD            text21       1376
__end_of_init_I2C_Master    text20       1274
__end_of_instCtrl           text22       12AB
__end_of_main               maintext     1000
__end_of_scale              text3        0D0E
__end_of_sprintf            text2        07F0
__end_of_strlen             text1        139C
__initialization            cinit        07F0
__npowers_                  strings      102E
__pcstackBANK0              cstackBANK0  0020
__pcstackBANK1              cstackBANK1  00A0
__pcstackBANK3              cstackBANK3  0190
__pcstackCOMMON             cstackCOMMON 0070
__pdataBANK3                dataBANK3    01C1
__pidataBANK3               idataBANK3   12D2
__pmaintext                 maintext     0D0E
__powers_                   strings      1055
__pstrings                  strings      1000
__ptext1                    text1        1376
__ptext10                   text10       093D
__ptext11                   text11       1307
__ptext12                   text12       0809
__ptext13                   text13       13C3
__ptext14                   text14       1516
__ptext15                   text15       15DC
__ptext16                   text16       12EB
__ptext17                   text17       0834
__ptext18                   text18       125D
__ptext19                   text19       145C
__ptext2                    text2        0257
__ptext20                   text20       1265
__ptext21                   text21       1350
__ptext22                   text22       1298
__ptext23                   text23       1285
__ptext24                   text24       139C
__ptext25                   text25       12BE
__ptext26                   text26       0003
__ptext27                   text27       1574
__ptext28                   text28       124E
__ptext29                   text29       1247
__ptext3                    text3        0A6F
__ptext30                   text30       0800
__ptext31                   text31       1240
__ptext32                   text32       132A
__ptext33                   text33       1255
__ptext4                    text4        00BB
__ptext5                    text5        172D
__ptext6                    text6        12AB
__ptext7                    text7        140F
__ptext8                    text8        14B9
__ptext9                    text9        166A
__size_of_I2C_Receive       (abs)        0000
__size_of_I2C_RepeatedStart (abs)        0000
__size_of_I2C_Send          (abs)        0000
__size_of_I2C_Start         (abs)        0000
__size_of_I2C_Stop          (abs)        0000
__size_of_I2C_Wait          (abs)        0000
__size_of___awdiv           (abs)        0000
__size_of___awmod           (abs)        0000
__size_of___bmul            (abs)        0000
__size_of___ftadd           (abs)        0000
__size_of___ftdiv           (abs)        0000
__size_of___ftge            (abs)        0000
__size_of___ftmul           (abs)        0000
__size_of___ftneg           (abs)        0000
__size_of___ftpack          (abs)        0000
__size_of___ftsub           (abs)        0000
__size_of___fttol           (abs)        0000
__size_of___lldiv           (abs)        0000
__size_of___llmod           (abs)        0000
__size_of___lltoft          (abs)        0000
__size_of___lwtoft          (abs)        0000
__size_of___wmul            (abs)        0000
__size_of__div_to_l_        (abs)        0000
__size_of__tdiv_to_l_       (abs)        0000
__size_of_dataCtrl          (abs)        0000
__size_of_delay_ms          (abs)        0000
__size_of_fround            (abs)        0000
__size_of_initLCD           (abs)        0000
__size_of_init_I2C_Master   (abs)        0000
__size_of_instCtrl          (abs)        0000
__size_of_main              (abs)        0000
__size_of_scale             (abs)        0000
__size_of_sprintf           (abs)        0000
__size_of_strlen            (abs)        0000
__stringbase                strings      1005
__stringdata                strings      107C
__stringtab                 strings      1000
__tdiv_to_l_                text9        166A
__tdiv_to_l_@cntr           cstackBANK0  0024
__tdiv_to_l_@exp1           cstackBANK0  0025
__tdiv_to_l_@f1             cstackCOMMON 0070
__tdiv_to_l_@f2             cstackCOMMON 0073
__tdiv_to_l_@quot           cstackBANK0  0020
_dataCtrl                   text23       1285
_delay_ms                   text24       139C
_dpowers                    strings      1006
_fround                     text4        00BB
_fround$575                 cstackBANK0  004C
_fround$576                 cstackBANK0  0049
_initLCD                    text21       1350
_init_I2C_Master            text20       1265
_instCtrl                   text22       1298
_main                       maintext     0D0E
_scale                      text3        0A6F
_scale$577                  cstackBANK0  0045
_sprintf                    text2        0257
_sprintf$149                cstackBANK1  00A3
_sprintf$578                cstackBANK1  00A0
_strlen                     text1        1376
btemp                       (abs)        007E
dataCtrl@DATA               cstackCOMMON 0076
delay_ms@i                  cstackCOMMON 0072
delay_ms@j                  cstackCOMMON 0074
delay_ms@ms_Count           cstackCOMMON 0070
end_of_initialization       cinit        07FC
fround@prec                 cstackBANK0  004F
init_fetch0                 inittext     1274
init_ram0                   inittext     1278
instCtrl@INST               cstackCOMMON 0076
intlevel0                   functab      0000
intlevel1                   functab      0000
intlevel2                   functab      0000
intlevel3                   functab      0000
intlevel4                   functab      0000
intlevel5                   functab      0000
ltemp                       (abs)        007E
ltemp0                      (abs)        007E
ltemp1                      (abs)        0082
ltemp2                      (abs)        0086
ltemp3                      (abs)        0080
main@F1272                  dataBANK3    01CF
main@F1274                  dataBANK3    01C1
main@LSBH                   cstackBANK3  01B7
main@LSBT                   cstackBANK3  01B9
main@MSBH                   cstackBANK3  01BB
main@MSBT                   cstackBANK3  01BD
main@humidityFl             cstackBANK3  01A9
main@humidityStr            cstackBANK3  01AF
main@i                      cstackBANK3  01BF
main@msgHumidity            cstackBANK3  019E
main@msgTemperature         cstackBANK3  0190
main@temperatureFl          cstackBANK3  01AC
main@temperatureStr         cstackBANK3  01B3
reset_vec                   reset_vec    0000
scale@scl                   cstackBANK0  0048
sprintf@_val                cstackBANK1  00B4
sprintf@ap                  cstackBANK1  00A7
sprintf@c                   cstackBANK1  00C1
sprintf@exp                 cstackBANK1  00BB
sprintf@f                   cstackBANK0  0063
sprintf@flag                cstackBANK1  00B0
sprintf@fval                cstackBANK1  00BE
sprintf@integ               cstackBANK1  00B8
sprintf@prec                cstackBANK1  00B2
sprintf@sp                  cstackBANK1  00BD
sprintf@vd                  cstackBANK1  00A8
sprintf@vd_151              cstackBANK1  00AC
stackhi                     (abs)        0000
stacklo                     (abs)        0000
start                       init         0000
start_initialization        cinit        07F0
strlen@cp                   cstackCOMMON 0076
strlen@s                    cstackCOMMON 0077
ttemp                       (abs)        007E
ttemp0                      (abs)        007E
ttemp1                      (abs)        0081
ttemp2                      (abs)        0084
ttemp3                      (abs)        0087
ttemp4                      (abs)        007F
wtemp                       (abs)        007E
wtemp0                      (abs)        007E
wtemp1                      (abs)        0080
wtemp2                      (abs)        0082
wtemp3                      (abs)        0084
wtemp4                      (abs)        0086
wtemp5                      (abs)        0088
wtemp6                      (abs)        007F


FUNCTION INFORMATION:

 *************** function _main *****************
 Defined at:
		line 106 in file "D:\JinBus\CpE 3201\Practical Activity #7\CpE 3201-LE7-3\dumalaganDa_LE7-3.c"
 Parameters:    Size  Location     Type
		None
 Auto vars:     Size  Location     Type
  msgTemperatu   14    0[BANK3 ] unsigned char [14]
  msgHumidity    11   14[BANK3 ] unsigned char [11]
  temperatureS    4   35[BANK3 ] unsigned char [4]
  humidityStr     4   31[BANK3 ] unsigned char [4]
  temperatureF    3   28[BANK3 ] float 
  humidityFl      3   25[BANK3 ] float 
  i               2   47[BANK3 ] int 
  MSBT            2   45[BANK3 ] unsigned int 
  MSBH            2   43[BANK3 ] unsigned int 
  LSBT            2   41[BANK3 ] unsigned int 
  LSBH            2   39[BANK3 ] unsigned int 
 Return value:  Size  Location     Type
		None               void
 Registers used:
		wreg, fsr0l, fsr0h, status,2, status,0, btemp+1, pclath, cstack
 Tracked objects:
		On entry : 
		On exit  : 
		Unchanged: 
 Data sizes:     COMMON   BANK0   BANK1   BANK3   BANK2
      Params:         0       0       0       0       0
      Locals:         0       0       0      49       0
      Temps:          0       0       4       0       0
      Totals:         0       0       4      49       0
Total ram usage:       53 bytes
 Hardware stack levels required when called:    4
 This function calls:
		_I2C_Receive
		_I2C_RepeatedStart
		_I2C_Send
		_I2C_Start
		_I2C_Stop
		___ftadd
		___ftdiv
		___ftmul
		___lwtoft
		_dataCtrl
		_delay_ms
		_initLCD
		_init_I2C_Master
		_instCtrl
		_sprintf
		_strlen
 This function is called by:
		Startup code after reset
 This function uses a non-reentrant model


 *************** function _strlen *****************
 Defined at:
		line 4 in file "C:\Program Files (x86)\Microchip\xc8\v1.33\sources\common\strlen.c"
 Parameters:    Size  Location     Type
  s               1    wreg     PTR const unsigned char 
		 -> main@msgTemperature(14), main@msgHumidity(11), 
 Auto vars:     Size  Location     Type
  s               1    7[COMMON] PTR const unsigned char 
		 -> main@msgTemperature(14), main@msgHumidity(11), 
  cp              1    6[COMMON] PTR const unsigned char 
		 -> main@msgTemperature(14), main@msgHumidity(11), 
 Return value:  Size  Location     Type
                  2    0[COMMON] unsigned int 
 Registers used:
		wreg, fsr0l, fsr0h, status,2, status,0
 Tracked objects:
		On entry : 
		On exit  : 
		Unchanged: 
 Data sizes:     COMMON   BANK0   BANK1   BANK3   BANK2
      Params:         2       0       0       0       0
      Locals:         2       0       0       0       0
      Temps:          4       0       0       0       0
      Totals:         8       0       0       0       0
Total ram usage:        8 bytes
 Hardware stack levels used:    1
 This function calls:
		Nothing
 This function is called by:
		_main
 This function uses a non-reentrant model


 *************** function _sprintf *****************
 Defined at:
		line 492 in file "C:\Program Files (x86)\Microchip\xc8\v1.33\sources\common\doprnt.c"
 Parameters:    Size  Location     Type
  sp              1    wreg     PTR unsigned char 
		 -> main@temperatureStr(4), main@humidityStr(4), 
  f               1   67[BANK0 ] PTR const unsigned char 
		 -> STR_2(3), STR_1(3), 
 Auto vars:     Size  Location     Type
  sp              1   29[BANK1 ] PTR unsigned char 
		 -> main@temperatureStr(4), main@humidityStr(4), 
  vd              4    8[BANK1 ] unsigned long 
  vd              4   12[BANK1 ] unsigned long 
  _val            4   20[BANK1 ] struct .
  fval            3   30[BANK1 ] struct .
  integ           3   24[BANK1 ] struct .
  ival            3    0        struct .
  exp             2   27[BANK1 ] int 
  prec            2   18[BANK1 ] int 
  flag            2   16[BANK1 ] unsigned short 
  width           2    0        int 
  c               1   33[BANK1 ] char 
  ap              1    7[BANK1 ] PTR void [1]
		 -> ?_sprintf(2), 
  d               1    0        unsigned char 
 Return value:  Size  Location     Type
                  2   67[BANK0 ] int 
 Registers used:
		wreg, fsr0l, fsr0h, status,2, status,0, btemp+1, pclath, cstack
 Tracked objects:
		On entry : 
		On exit  : 
		Unchanged: 
 Data sizes:     COMMON   BANK0   BANK1   BANK3   BANK2
      Params:         0       4       0       0       0
      Locals:         0       0      34       0       0
      Temps:          0       6       0       0       0
      Totals:         0      10      34       0       0
Total ram usage:       44 bytes
 Hardware stack levels used:    1
 Hardware stack levels required when called:    3
 This function calls:
		___awdiv
		___ftadd
		___ftge
		___ftmul
		___ftneg
		___ftsub
		___fttol
		___lldiv
		___llmod
		___lltoft
		___wmul
		__div_to_l_
		__tdiv_to_l_
		_fround
		_scale
 This function is called by:
		_main
 This function uses a non-reentrant model


 *************** function _scale *****************
 Defined at:
		line 425 in file "C:\Program Files (x86)\Microchip\xc8\v1.33\sources\common\doprnt.c"
 Parameters:    Size  Location     Type
  scl             1    wreg     char 
 Auto vars:     Size  Location     Type
  scl             1   40[BANK0 ] char 
 Return value:  Size  Location     Type
                  3   32[BANK0 ] char 
 Registers used:
		wreg, fsr0l, fsr0h, status,2, status,0, pclath, cstack
 Tracked objects:
		On entry : 
		On exit  : 
		Unchanged: 
 Data sizes:     COMMON   BANK0   BANK1   BANK3   BANK2
      Params:         0       3       0       0       0
      Locals:         0       4       0       0       0
      Temps:          0       2       0       0       0
      Totals:         0       9       0       0       0
Total ram usage:        9 bytes
 Hardware stack levels used:    1
 Hardware stack levels required when called:    2
 This function calls:
		___awdiv
		___awmod
		___bmul
		___ftmul
 This function is called by:
		_sprintf
 This function uses a non-reentrant model


 *************** function _fround *****************
 Defined at:
		line 409 in file "C:\Program Files (x86)\Microchip\xc8\v1.33\sources\common\doprnt.c"
 Parameters:    Size  Location     Type
  prec            1    wreg     unsigned char 
 Auto vars:     Size  Location     Type
  prec            1   47[BANK0 ] unsigned char 
 Return value:  Size  Location     Type
                  3   32[BANK0 ] unsigned char 
 Registers used:
		wreg, fsr0l, fsr0h, status,2, status,0, pclath, cstack
 Tracked objects:
		On entry : 
		On exit  : 
		Unchanged: 
 Data sizes:     COMMON   BANK0   BANK1   BANK3   BANK2
      Params:         0       3       0       0       0
      Locals:         0       7       0       0       0
      Temps:          0       6       0       0       0
      Totals:         0      16       0       0       0
Total ram usage:       16 bytes
 Hardware stack levels used:    1
 Hardware stack levels required when called:    2
 This function calls:
		___awdiv
		___awmod
		___bmul
		___ftmul
 This function is called by:
		_sprintf
 This function uses a non-reentrant model


 *************** function ___ftmul *****************
 Defined at:
		line 62 in file "C:\Program Files (x86)\Microchip\xc8\v1.33\sources\common\ftmul.c"
 Parameters:    Size  Location     Type
  f1              3   16[BANK0 ] float 
  f2              3   19[BANK0 ] float 
 Auto vars:     Size  Location     Type
  f3_as_produc    3   27[BANK0 ] unsigned um
  sign            1   31[BANK0 ] unsigned char 
  cntr            1   30[BANK0 ] unsigned char 
  exp             1   26[BANK0 ] unsigned char 
 Return value:  Size  Location     Type
                  3   16[BANK0 ] float 
 Registers used:
		wreg, status,2, status,0, pclath, cstack
 Tracked objects:
		On entry : 
		On exit  : 
		Unchanged: 
 Data sizes:     COMMON   BANK0   BANK1   BANK3   BANK2
      Params:         0       6       0       0       0
      Locals:         0       6       0       0       0
      Temps:          0       4       0       0       0
      Totals:         0      16       0       0       0
Total ram usage:       16 bytes
 Hardware stack levels used:    1
 Hardware stack levels required when called:    1
 This function calls:
		___ftpack
 This function is called by:
		_main
		_fround
		_scale
		_sprintf
 This function uses a non-reentrant model


 *************** function ___bmul *****************
 Defined at:
		line 4 in file "C:\Program Files (x86)\Microchip\xc8\v1.33\sources\common\Umul8.c"
 Parameters:    Size  Location     Type
  multiplier      1    wreg     unsigned char 
  multiplicand    1    4[BANK0 ] unsigned char 
 Auto vars:     Size  Location     Type
  multiplier      1    6[BANK0 ] unsigned char 
  product         1    5[BANK0 ] unsigned char 
 Return value:  Size  Location     Type
                  1    wreg      unsigned char 
 Registers used:
		wreg, status,2, status,0
 Tracked objects:
		On entry : 
		On exit  : 
		Unchanged: 
 Data sizes:     COMMON   BANK0   BANK1   BANK3   BANK2
      Params:         0       1       0       0       0
      Locals:         0       2       0       0       0
      Temps:          1       0       0       0       0
      Totals:         1       3       0       0       0
Total ram usage:        4 bytes
 Hardware stack levels used:    1
 This function calls:
		Nothing
 This function is called by:
		_fround
		_scale
 This function uses a non-reentrant model


 *************** function ___awmod *****************
 Defined at:
		line 6 in file "C:\Program Files (x86)\Microchip\xc8\v1.33\sources\common\awmod.c"
 Parameters:    Size  Location     Type
  divisor         2    0[COMMON] int 
  dividend        2    2[COMMON] int 
 Auto vars:     Size  Location     Type
  sign            1    6[COMMON] unsigned char 
  counter         1    5[COMMON] unsigned char 
 Return value:  Size  Location     Type
                  2    0[COMMON] int 
 Registers used:
		wreg, status,2, status,0
 Tracked objects:
		On entry : 
		On exit  : 
		Unchanged: 
 Data sizes:     COMMON   BANK0   BANK1   BANK3   BANK2
      Params:         4       0       0       0       0
      Locals:         2       0       0       0       0
      Temps:          1       0       0       0       0
      Totals:         7       0       0       0       0
Total ram usage:        7 bytes
 Hardware stack levels used:    1
 This function calls:
		Nothing
 This function is called by:
		_fround
		_scale
 This function uses a non-reentrant model


 *************** function ___awdiv *****************
 Defined at:
		line 6 in file "C:\Program Files (x86)\Microchip\xc8\v1.33\sources\common\awdiv.c"
 Parameters:    Size  Location     Type
  divisor         2    7[COMMON] int 
  dividend        2    9[COMMON] int 
 Auto vars:     Size  Location     Type
  quotient        2    2[BANK0 ] int 
  sign            1    1[BANK0 ] unsigned char 
  counter         1    0[BANK0 ] unsigned char 
 Return value:  Size  Location     Type
                  2    7[COMMON] int 
 Registers used:
		wreg, status,2, status,0
 Tracked objects:
		On entry : 
		On exit  : 
		Unchanged: 
 Data sizes:     COMMON   BANK0   BANK1   BANK3   BANK2
      Params:         4       0       0       0       0
      Locals:         0       4       0       0       0
      Temps:          1       0       0       0       0
      Totals:         5       4       0       0       0
Total ram usage:        9 bytes
 Hardware stack levels used:    1
 This function calls:
		Nothing
 This function is called by:
		_fround
		_scale
		_sprintf
 This function uses a non-reentrant model


 *************** function __tdiv_to_l_ *****************
 Defined at:
		line 60 in file "C:\Program Files (x86)\Microchip\xc8\v1.33\sources\common\ftdivl.c"
 Parameters:    Size  Location     Type
  f1              3    0[COMMON] float 
  f2              3    3[COMMON] float 
 Auto vars:     Size  Location     Type
  quot            4    0[BANK0 ] unsigned long 
  exp1            1    5[BANK0 ] unsigned char 
  cntr            1    4[BANK0 ] unsigned char 
 Return value:  Size  Location     Type
                  4    0[COMMON] unsigned long 
 Registers used:
		wreg, status,2, status,0
 Tracked objects:
		On entry : 
		On exit  : 
		Unchanged: 
 Data sizes:     COMMON   BANK0   BANK1   BANK3   BANK2
      Params:         6       0       0       0       0
      Locals:         0       6       0       0       0
      Temps:          4       0       0       0       0
      Totals:        10       6       0       0       0
Total ram usage:       16 bytes
 Hardware stack levels used:    1
 This function calls:
		Nothing
 This function is called by:
		_sprintf
 This function uses a non-reentrant model


 *************** function __div_to_l_ *****************
 Defined at:
		line 60 in file "C:\Program Files (x86)\Microchip\xc8\v1.33\sources\common\fldivl.c"
 Parameters:    Size  Location     Type
  f1              3    0[COMMON] unsigned long 
  f2              3    3[COMMON] unsigned long 
 Auto vars:     Size  Location     Type
  quot            4    0[BANK0 ] unsigned long 
  exp1            1    5[BANK0 ] unsigned char 
  cntr            1    4[BANK0 ] unsigned char 
 Return value:  Size  Location     Type
                  4    0[COMMON] unsigned long 
 Registers used:
		wreg, fsr0l, fsr0h, status,2, status,0
 Tracked objects:
		On entry : 
		On exit  : 
		Unchanged: 
 Data sizes:     COMMON   BANK0   BANK1   BANK3   BANK2
      Params:         6       0       0       0       0
      Locals:         0       6       0       0       0
      Temps:          8       0       0       0       0
      Totals:        14       6       0       0       0
Total ram usage:       20 bytes
 Hardware stack levels used:    1
 This function calls:
		Nothing
 This function is called by:
		_sprintf
 This function uses a non-reentrant model


 *************** function ___wmul *****************
 Defined at:
		line 15 in file "C:\Program Files (x86)\Microchip\xc8\v1.33\sources\common\Umul16.c"
 Parameters:    Size  Location     Type
  multiplier      2    0[COMMON] unsigned int 
  multiplicand    2    2[COMMON] unsigned int 
 Auto vars:     Size  Location     Type
  product         2    4[COMMON] unsigned int 
 Return value:  Size  Location     Type
                  2    0[COMMON] unsigned int 
 Registers used:
		wreg, status,2, status,0
 Tracked objects:
		On entry : 
		On exit  : 
		Unchanged: 
 Data sizes:     COMMON   BANK0   BANK1   BANK3   BANK2
      Params:         4       0       0       0       0
      Locals:         2       0       0       0       0
      Temps:          0       0       0       0       0
      Totals:         6       0       0       0       0
Total ram usage:        6 bytes
 Hardware stack levels used:    1
 This function calls:
		Nothing
 This function is called by:
		_sprintf
 This function uses a non-reentrant model


 *************** function ___lltoft *****************
 Defined at:
		line 35 in file "C:\Program Files (x86)\Microchip\xc8\v1.33\sources\common\lltoft.c"
 Parameters:    Size  Location     Type
  c               4    8[COMMON] unsigned long 
 Auto vars:     Size  Location     Type
  exp             1   13[COMMON] unsigned char 
 Return value:  Size  Location     Type
                  3    8[COMMON] float 
 Registers used:
		wreg, status,2, status,0, pclath, cstack
 Tracked objects:
		On entry : 
		On exit  : 
		Unchanged: 
 Data sizes:     COMMON   BANK0   BANK1   BANK3   BANK2
      Params:         4       0       0       0       0
      Locals:         1       0       0       0       0
      Temps:          1       0       0       0       0
      Totals:         6       0       0       0       0
Total ram usage:        6 bytes
 Hardware stack levels used:    1
 Hardware stack levels required when called:    1
 This function calls:
		___ftpack
 This function is called by:
		_sprintf
 This function uses a non-reentrant model


 *************** function ___llmod *****************
 Defined at:
		line 6 in file "C:\Program Files (x86)\Microchip\xc8\v1.33\sources\common\llmod.c"
 Parameters:    Size  Location     Type
  divisor         4    0[COMMON] unsigned long 
  dividend        4    4[COMMON] unsigned long 
 Auto vars:     Size  Location     Type
  counter         1    9[COMMON] unsigned char 
 Return value:  Size  Location     Type
                  4    0[COMMON] unsigned long 
 Registers used:
		wreg, status,2, status,0
 Tracked objects:
		On entry : 
		On exit  : 
		Unchanged: 
 Data sizes:     COMMON   BANK0   BANK1   BANK3   BANK2
      Params:         8       0       0       0       0
      Locals:         1       0       0       0       0
      Temps:          1       0       0       0       0
      Totals:        10       0       0       0       0
Total ram usage:       10 bytes
 Hardware stack levels used:    1
 This function calls:
		Nothing
 This function is called by:
		_sprintf
 This function uses a non-reentrant model


 *************** function ___lldiv *****************
 Defined at:
		line 6 in file "C:\Program Files (x86)\Microchip\xc8\v1.33\sources\common\lldiv.c"
 Parameters:    Size  Location     Type
  divisor         4    0[COMMON] unsigned long 
  dividend        4    4[COMMON] unsigned long 
 Auto vars:     Size  Location     Type
  quotient        4    9[COMMON] unsigned long 
  counter         1   13[COMMON] unsigned char 
 Return value:  Size  Location     Type
                  4    0[COMMON] unsigned long 
 Registers used:
		wreg, status,2, status,0
 Tracked objects:
		On entry : 
		On exit  : 
		Unchanged: 
 Data sizes:     COMMON   BANK0   BANK1   BANK3   BANK2
      Params:         8       0       0       0       0
      Locals:         5       0       0       0       0
      Temps:          1       0       0       0       0
      Totals:        14       0       0       0       0
Total ram usage:       14 bytes
 Hardware stack levels used:    1
 This function calls:
		Nothing
 This function is called by:
		_sprintf
 This function uses a non-reentrant model


 *************** function ___fttol *****************
 Defined at:
		line 44 in file "C:\Program Files (x86)\Microchip\xc8\v1.33\sources\common\fttol.c"
 Parameters:    Size  Location     Type
  f1              3   41[BANK0 ] float 
 Auto vars:     Size  Location     Type
  lval            4   50[BANK0 ] unsigned long 
  exp1            1   54[BANK0 ] unsigned char 
  sign1           1   49[BANK0 ] unsigned char 
 Return value:  Size  Location     Type
                  4   41[BANK0 ] long 
 Registers used:
		wreg, status,2, status,0
 Tracked objects:
		On entry : 
		On exit  : 
		Unchanged: 
 Data sizes:     COMMON   BANK0   BANK1   BANK3   BANK2
      Params:         0       4       0       0       0
      Locals:         0       6       0       0       0
      Temps:          0       4       0       0       0
      Totals:         0      14       0       0       0
Total ram usage:       14 bytes
 Hardware stack levels used:    1
 This function calls:
		Nothing
 This function is called by:
		_sprintf
 This function uses a non-reentrant model


 *************** function ___ftsub *****************
 Defined at:
		line 18 in file "C:\Program Files (x86)\Microchip\xc8\v1.33\sources\common\ftsub.c"
 Parameters:    Size  Location     Type
  f2              3   61[BANK0 ] float 
  f1              3   64[BANK0 ] float 
 Auto vars:     Size  Location     Type
		None
 Return value:  Size  Location     Type
                  3   61[BANK0 ] float 
 Registers used:
		wreg, status,2, status,0, pclath, cstack
 Tracked objects:
		On entry : 
		On exit  : 
		Unchanged: 
 Data sizes:     COMMON   BANK0   BANK1   BANK3   BANK2
      Params:         0       6       0       0       0
      Locals:         0       0       0       0       0
      Temps:          0       0       0       0       0
      Totals:         0       6       0       0       0
Total ram usage:        6 bytes
 Hardware stack levels used:    1
 Hardware stack levels required when called:    2
 This function calls:
		___ftadd
 This function is called by:
		_sprintf
 This function uses a non-reentrant model


 *************** function ___ftadd *****************
 Defined at:
		line 86 in file "C:\Program Files (x86)\Microchip\xc8\v1.33\sources\common\ftadd.c"
 Parameters:    Size  Location     Type
  f1              3   48[BANK0 ] float 
  f2              3   51[BANK0 ] float 
 Auto vars:     Size  Location     Type
  exp1            1   60[BANK0 ] unsigned char 
  exp2            1   59[BANK0 ] unsigned char 
  sign            1   58[BANK0 ] unsigned char 
 Return value:  Size  Location     Type
                  3   48[BANK0 ] float 
 Registers used:
		wreg, status,2, status,0, pclath, cstack
 Tracked objects:
		On entry : 
		On exit  : 
		Unchanged: 
 Data sizes:     COMMON   BANK0   BANK1   BANK3   BANK2
      Params:         0       6       0       0       0
      Locals:         0       3       0       0       0
      Temps:          0       4       0       0       0
      Totals:         0      13       0       0       0
Total ram usage:       13 bytes
 Hardware stack levels used:    1
 Hardware stack levels required when called:    1
 This function calls:
		___ftpack
 This function is called by:
		_main
		_sprintf
		___ftsub
 This function uses a non-reentrant model


 *************** function ___ftneg *****************
 Defined at:
		line 15 in file "C:\Program Files (x86)\Microchip\xc8\v1.33\sources\common\ftneg.c"
 Parameters:    Size  Location     Type
  f1              3    0[COMMON] float 
 Auto vars:     Size  Location     Type
		None
 Return value:  Size  Location     Type
                  3    0[COMMON] float 
 Registers used:
		wreg
 Tracked objects:
		On entry : 
		On exit  : 
		Unchanged: 
 Data sizes:     COMMON   BANK0   BANK1   BANK3   BANK2
      Params:         3       0       0       0       0
      Locals:         0       0       0       0       0
      Temps:          0       0       0       0       0
      Totals:         3       0       0       0       0
Total ram usage:        3 bytes
 Hardware stack levels used:    1
 This function calls:
		Nothing
 This function is called by:
		_sprintf
 This function uses a non-reentrant model


 *************** function ___ftge *****************
 Defined at:
		line 4 in file "C:\Program Files (x86)\Microchip\xc8\v1.33\sources\common\ftge.c"
 Parameters:    Size  Location     Type
  ff1             3    0[COMMON] float 
  ff2             3    3[COMMON] float 
 Auto vars:     Size  Location     Type
		None
 Return value:  Size  Location     Type
		None               void
 Registers used:
		wreg, status,2, status,0
 Tracked objects:
		On entry : 
		On exit  : 
		Unchanged: 
 Data sizes:     COMMON   BANK0   BANK1   BANK3   BANK2
      Params:         6       0       0       0       0
      Locals:         0       0       0       0       0
      Temps:          6       0       0       0       0
      Totals:        12       0       0       0       0
Total ram usage:       12 bytes
 Hardware stack levels used:    1
 This function calls:
		Nothing
 This function is called by:
		_sprintf
 This function uses a non-reentrant model


 *************** function _init_I2C_Master *****************
 Defined at:
		line 50 in file "D:\JinBus\CpE 3201\Practical Activity #7\CpE 3201-LE7-3\dumalaganDa_LE7-3.c"
 Parameters:    Size  Location     Type
		None
 Auto vars:     Size  Location     Type
		None
 Return value:  Size  Location     Type
		None               void
 Registers used:
		wreg, status,2
 Tracked objects:
		On entry : 
		On exit  : 
		Unchanged: 
 Data sizes:     COMMON   BANK0   BANK1   BANK3   BANK2
      Params:         0       0       0       0       0
      Locals:         0       0       0       0       0
      Temps:          0       0       0       0       0
      Totals:         0       0       0       0       0
Total ram usage:        0 bytes
 Hardware stack levels used:    1
 This function calls:
		Nothing
 This function is called by:
		_main
 This function uses a non-reentrant model


 *************** function _initLCD *****************
 Defined at:
		line 32 in file "D:\JinBus\CpE 3201\Practical Activity #7\CpE 3201-LE7-3\dumalaganDa_LE7-3.c"
 Parameters:    Size  Location     Type
		None
 Auto vars:     Size  Location     Type
		None
 Return value:  Size  Location     Type
		None               void
 Registers used:
		wreg, status,2, status,0, pclath, cstack
 Tracked objects:
		On entry : 
		On exit  : 
		Unchanged: 
 Data sizes:     COMMON   BANK0   BANK1   BANK3   BANK2
      Params:         0       0       0       0       0
      Locals:         0       0       0       0       0
      Temps:          0       0       0       0       0
      Totals:         0       0       0       0       0
Total ram usage:        0 bytes
 Hardware stack levels used:    1
 Hardware stack levels required when called:    2
 This function calls:
		_delay_ms
		_instCtrl
 This function is called by:
		_main
 This function uses a non-reentrant model


 *************** function _instCtrl *****************
 Defined at:
		line 23 in file "D:\JinBus\CpE 3201\Practical Activity #7\CpE 3201-LE7-3\dumalaganDa_LE7-3.c"
 Parameters:    Size  Location     Type
  INST            1    wreg     unsigned char 
 Auto vars:     Size  Location     Type
  INST            1    6[COMMON] unsigned char 
 Return value:  Size  Location     Type
		None               void
 Registers used:
		wreg, status,2, status,0, pclath, cstack
 Tracked objects:
		On entry : 
		On exit  : 
		Unchanged: 
 Data sizes:     COMMON   BANK0   BANK1   BANK3   BANK2
      Params:         0       0       0       0       0
      Locals:         1       0       0       0       0
      Temps:          0       0       0       0       0
      Totals:         1       0       0       0       0
Total ram usage:        1 bytes
 Hardware stack levels used:    1
 Hardware stack levels required when called:    1
 This function calls:
		_delay_ms
 This function is called by:
		_initLCD
		_main
 This function uses a non-reentrant model


 *************** function _dataCtrl *****************
 Defined at:
		line 41 in file "D:\JinBus\CpE 3201\Practical Activity #7\CpE 3201-LE7-3\dumalaganDa_LE7-3.c"
 Parameters:    Size  Location     Type
  DATA            1    wreg     unsigned char 
 Auto vars:     Size  Location     Type
  DATA            1    6[COMMON] unsigned char 
 Return value:  Size  Location     Type
		None               void
 Registers used:
		wreg, status,2, status,0, pclath, cstack
 Tracked objects:
		On entry : 
		On exit  : 
		Unchanged: 
 Data sizes:     COMMON   BANK0   BANK1   BANK3   BANK2
      Params:         0       0       0       0       0
      Locals:         1       0       0       0       0
      Temps:          0       0       0       0       0
      Totals:         1       0       0       0       0
Total ram usage:        1 bytes
 Hardware stack levels used:    1
 Hardware stack levels required when called:    1
 This function calls:
		_delay_ms
 This function is called by:
		_main
 This function uses a non-reentrant model


 *************** function _delay_ms *****************
 Defined at:
		line 16 in file "D:\JinBus\CpE 3201\Practical Activity #7\CpE 3201-LE7-3\dumalaganDa_LE7-3.c"
 Parameters:    Size  Location     Type
  ms_Count        2    0[COMMON] unsigned int 
 Auto vars:     Size  Location     Type
  j               2    4[COMMON] unsigned int 
  i               2    2[COMMON] unsigned int 
 Return value:  Size  Location     Type
		None               void
 Registers used:
		wreg, status,2
 Tracked objects:
		On entry : 
		On exit  : 
		Unchanged: 
 Data sizes:     COMMON   BANK0   BANK1   BANK3   BANK2
      Params:         2       0       0       0       0
      Locals:         4       0       0       0       0
      Temps:          0       0       0       0       0
      Totals:         6       0       0       0       0
Total ram usage:        6 bytes
 Hardware stack levels used:    1
 This function calls:
		Nothing
 This function is called by:
		_instCtrl
		_initLCD
		_dataCtrl
		_main
 This function uses a non-reentrant model


 *************** function ___lwtoft *****************
 Defined at:
		line 28 in file "C:\Program Files (x86)\Microchip\xc8\v1.33\sources\common\lwtoft.c"
 Parameters:    Size  Location     Type
  c               2    8[COMMON] unsigned int 
 Auto vars:     Size  Location     Type
		None
 Return value:  Size  Location     Type
                  3    8[COMMON] float 
 Registers used:
		wreg, status,2, status,0, pclath, cstack
 Tracked objects:
		On entry : 
		On exit  : 
		Unchanged: 
 Data sizes:     COMMON   BANK0   BANK1   BANK3   BANK2
      Params:         3       0       0       0       0
      Locals:         0       0       0       0       0
      Temps:          1       0       0       0       0
      Totals:         4       0       0       0       0
Total ram usage:        4 bytes
 Hardware stack levels used:    1
 Hardware stack levels required when called:    1
 This function calls:
		___ftpack
 This function is called by:
		_main
 This function uses a non-reentrant model


 *************** function ___ftdiv *****************
 Defined at:
		line 49 in file "C:\Program Files (x86)\Microchip\xc8\v1.33\sources\pic\ftdiv.c"
 Parameters:    Size  Location     Type
  f2              3    0[BANK0 ] float 
  f1              3    3[BANK0 ] float 
 Auto vars:     Size  Location     Type
  f3              3   11[BANK0 ] float 
  sign            1   15[BANK0 ] unsigned char 
  exp             1   14[BANK0 ] unsigned char 
  cntr            1   10[BANK0 ] unsigned char 
 Return value:  Size  Location     Type
                  3    0[BANK0 ] float 
 Registers used:
		wreg, status,2, status,0, pclath, cstack
 Tracked objects:
		On entry : 
		On exit  : 
		Unchanged: 
 Data sizes:     COMMON   BANK0   BANK1   BANK3   BANK2
      Params:         0       6       0       0       0
      Locals:         0       6       0       0       0
      Temps:          0       4       0       0       0
      Totals:         0      16       0       0       0
Total ram usage:       16 bytes
 Hardware stack levels used:    1
 Hardware stack levels required when called:    1
 This function calls:
		___ftpack
 This function is called by:
		_main
 This function uses a non-reentrant model


 *************** function ___ftpack *****************
 Defined at:
		line 62 in file "C:\Program Files (x86)\Microchip\xc8\v1.33\sources\common\float.c"
 Parameters:    Size  Location     Type
  arg             3    0[COMMON] unsigned um
  exp             1    3[COMMON] unsigned char 
  sign            1    4[COMMON] unsigned char 
 Auto vars:     Size  Location     Type
		None
 Return value:  Size  Location     Type
                  3    0[COMMON] float 
 Registers used:
		wreg, status,2, status,0
 Tracked objects:
		On entry : 
		On exit  : 
		Unchanged: 
 Data sizes:     COMMON   BANK0   BANK1   BANK3   BANK2
      Params:         5       0       0       0       0
      Locals:         0       0       0       0       0
      Temps:          3       0       0       0       0
      Totals:         8       0       0       0       0
Total ram usage:        8 bytes
 Hardware stack levels used:    1
 This function calls:
		Nothing
 This function is called by:
		___ftadd
		___ftdiv
		___ftmul
		___lltoft
		___lwtoft
 This function uses a non-reentrant model


 *************** function _I2C_Stop *****************
 Defined at:
		line 72 in file "D:\JinBus\CpE 3201\Practical Activity #7\CpE 3201-LE7-3\dumalaganDa_LE7-3.c"
 Parameters:    Size  Location     Type
		None
 Auto vars:     Size  Location     Type
		None
 Return value:  Size  Location     Type
		None               void
 Registers used:
		wreg, status,2, status,0, pclath, cstack
 Tracked objects:
		On entry : 
		On exit  : 
		Unchanged: 
 Data sizes:     COMMON   BANK0   BANK1   BANK3   BANK2
      Params:         0       0       0       0       0
      Locals:         0       0       0       0       0
      Temps:          0       0       0       0       0
      Totals:         0       0       0       0       0
Total ram usage:        0 bytes
 Hardware stack levels used:    1
 Hardware stack levels required when called:    1
 This function calls:
		_I2C_Wait
 This function is called by:
		_main
 This function uses a non-reentrant model


 *************** function _I2C_Start *****************
 Defined at:
		line 65 in file "D:\JinBus\CpE 3201\Practical Activity #7\CpE 3201-LE7-3\dumalaganDa_LE7-3.c"
 Parameters:    Size  Location     Type
		None
 Auto vars:     Size  Location     Type
		None
 Return value:  Size  Location     Type
		None               void
 Registers used:
		wreg, status,2, status,0, pclath, cstack
 Tracked objects:
		On entry : 
		On exit  : 
		Unchanged: 
 Data sizes:     COMMON   BANK0   BANK1   BANK3   BANK2
      Params:         0       0       0       0       0
      Locals:         0       0       0       0       0
      Temps:          0       0       0       0       0
      Totals:         0       0       0       0       0
Total ram usage:        0 bytes
 Hardware stack levels used:    1
 Hardware stack levels required when called:    1
 This function calls:
		_I2C_Wait
 This function is called by:
		_main
 This function uses a non-reentrant model


 *************** function _I2C_Send *****************
 Defined at:
		line 86 in file "D:\JinBus\CpE 3201\Practical Activity #7\CpE 3201-LE7-3\dumalaganDa_LE7-3.c"
 Parameters:    Size  Location     Type
  data            1    wreg     unsigned char 
 Auto vars:     Size  Location     Type
  data            1    0[COMMON] unsigned char 
 Return value:  Size  Location     Type
		None               void
 Registers used:
		wreg, status,2, status,0, pclath, cstack
 Tracked objects:
		On entry : 
		On exit  : 
		Unchanged: 
 Data sizes:     COMMON   BANK0   BANK1   BANK3   BANK2
      Params:         0       0       0       0       0
      Locals:         1       0       0       0       0
      Temps:          0       0       0       0       0
      Totals:         1       0       0       0       0
Total ram usage:        1 bytes
 Hardware stack levels used:    1
 Hardware stack levels required when called:    1
 This function calls:
		_I2C_Wait
 This function is called by:
		_main
 This function uses a non-reentrant model


 *************** function _I2C_RepeatedStart *****************
 Defined at:
		line 79 in file "D:\JinBus\CpE 3201\Practical Activity #7\CpE 3201-LE7-3\dumalaganDa_LE7-3.c"
 Parameters:    Size  Location     Type
		None
 Auto vars:     Size  Location     Type
		None
 Return value:  Size  Location     Type
		None               void
 Registers used:
		wreg, status,2, status,0, pclath, cstack
 Tracked objects:
		On entry : 
		On exit  : 
		Unchanged: 
 Data sizes:     COMMON   BANK0   BANK1   BANK3   BANK2
      Params:         0       0       0       0       0
      Locals:         0       0       0       0       0
      Temps:          0       0       0       0       0
      Totals:         0       0       0       0       0
Total ram usage:        0 bytes
 Hardware stack levels used:    1
 Hardware stack levels required when called:    1
 This function calls:
		_I2C_Wait
 This function is called by:
		_main
 This function uses a non-reentrant model


 *************** function _I2C_Receive *****************
 Defined at:
		line 93 in file "D:\JinBus\CpE 3201\Practical Activity #7\CpE 3201-LE7-3\dumalaganDa_LE7-3.c"
 Parameters:    Size  Location     Type
  ack             1    wreg     unsigned char 
 Auto vars:     Size  Location     Type
  ack             1    1[COMMON] unsigned char 
  temp            1    2[COMMON] unsigned char 
 Return value:  Size  Location     Type
                  1    wreg      unsigned char 
 Registers used:
		wreg, status,2, status,0, pclath, cstack
 Tracked objects:
		On entry : 
		On exit  : 
		Unchanged: 
 Data sizes:     COMMON   BANK0   BANK1   BANK3   BANK2
      Params:         0       0       0       0       0
      Locals:         2       0       0       0       0
      Temps:          1       0       0       0       0
      Totals:         3       0       0       0       0
Total ram usage:        3 bytes
 Hardware stack levels used:    1
 Hardware stack levels required when called:    1
 This function calls:
		_I2C_Wait
 This function is called by:
		_main
 This function uses a non-reentrant model


 *************** function _I2C_Wait *****************
 Defined at:
		line 60 in file "D:\JinBus\CpE 3201\Practical Activity #7\CpE 3201-LE7-3\dumalaganDa_LE7-3.c"
 Parameters:    Size  Location     Type
		None
 Auto vars:     Size  Location     Type
		None
 Return value:  Size  Location     Type
		None               void
 Registers used:
		wreg, status,2
 Tracked objects:
		On entry : 
		On exit  : 
		Unchanged: 
 Data sizes:     COMMON   BANK0   BANK1   BANK3   BANK2
      Params:         0       0       0       0       0
      Locals:         0       0       0       0       0
      Temps:          0       0       0       0       0
      Totals:         0       0       0       0       0
Total ram usage:        0 bytes
 Hardware stack levels used:    1
 This function calls:
		Nothing
 This function is called by:
		_I2C_Start
		_I2C_Stop
		_I2C_RepeatedStart
		_I2C_Send
		_I2C_Receive
 This function uses a non-reentrant model



MODULE INFORMATION

Module		Function		Class		Link	Load	Size
C:\Program Files (x86)\Microchip\xc8\v1.33\sources\common\ftneg.c
		___ftneg       		CODE           	125D	0000	8

C:\Program Files (x86)\Microchip\xc8\v1.33\sources\common\ftneg.c estimated size: 8

C:\Program Files (x86)\Microchip\xc8\v1.33\sources\common\ftge.c
		___ftge        		CODE           	145C	0000	93

C:\Program Files (x86)\Microchip\xc8\v1.33\sources\common\ftge.c estimated size: 93

C:\Program Files (x86)\Microchip\xc8\v1.33\sources\common\doprnt.c
		_scale         		CODE           	0A6F	0000	671
		_sprintf       		CODE           	0257	0000	1433
		_fround        		CODE           	00BB	0000	412

C:\Program Files (x86)\Microchip\xc8\v1.33\sources\common\doprnt.c estimated size: 2516

C:\Program Files (x86)\Microchip\xc8\v1.33\sources\common\ftsub.c
		___ftsub       		CODE           	12EB	0000	28

C:\Program Files (x86)\Microchip\xc8\v1.33\sources\common\ftsub.c estimated size: 28

C:\Program Files (x86)\Microchip\xc8\v1.33\sources\common\float.c
		___ftpack      		CODE           	1574	0000	104

C:\Program Files (x86)\Microchip\xc8\v1.33\sources\common\float.c estimated size: 104

C:\Program Files (x86)\Microchip\xc8\v1.33\sources\common\ftdivl.c
		__tdiv_to_l_   		CODE           	166A	0000	195

C:\Program Files (x86)\Microchip\xc8\v1.33\sources\common\ftdivl.c estimated size: 195

C:\Program Files (x86)\Microchip\xc8\v1.33\sources\common\awmod.c
		___awmod       		CODE           	140F	0000	77

C:\Program Files (x86)\Microchip\xc8\v1.33\sources\common\awmod.c estimated size: 77

C:\Program Files (x86)\Microchip\xc8\v1.33\sources\common\Umul16.c
		___wmul        		CODE           	1307	0000	35

C:\Program Files (x86)\Microchip\xc8\v1.33\sources\common\Umul16.c estimated size: 35

C:\Program Files (x86)\Microchip\xc8\v1.33\sources\common\llmod.c
		___llmod       		CODE           	13C3	0000	76

C:\Program Files (x86)\Microchip\xc8\v1.33\sources\common\llmod.c estimated size: 76

C:\Program Files (x86)\Microchip\xc8\v1.33\sources\common\ftmul.c
		___ftmul       		CODE           	172D	0000	211

C:\Program Files (x86)\Microchip\xc8\v1.33\sources\common\ftmul.c estimated size: 211

C:\Program Files (x86)\Microchip\xc8\v1.33\sources\common\fldivl.c
		__div_to_l_    		CODE           	093D	0000	306

C:\Program Files (x86)\Microchip\xc8\v1.33\sources\common\fldivl.c estimated size: 306

C:\Program Files (x86)\Microchip\xc8\v1.33\sources\common\awdiv.c
		___awdiv       		CODE           	14B9	0000	93

C:\Program Files (x86)\Microchip\xc8\v1.33\sources\common\awdiv.c estimated size: 93

C:\Program Files (x86)\Microchip\xc8\v1.33\sources\common\lldiv.c
		___lldiv       		CODE           	1516	0000	94

C:\Program Files (x86)\Microchip\xc8\v1.33\sources\common\lldiv.c estimated size: 94

shared
		__stringtab    		STRING         	1000	0000	6
		__stringdata   		STRING         	107C	0000	3
		__powers_      		STRING         	1055	0000	39
		_dpowers       		STRING         	1006	0000	40
		__npowers_     		STRING         	102E	0000	39
		__initializatio		CODE           	07F0	0000	12

shared estimated size: 139

C:\Program Files (x86)\Microchip\xc8\v1.33\sources\common\Umul8.c
		___bmul        		CODE           	12AB	0000	19

C:\Program Files (x86)\Microchip\xc8\v1.33\sources\common\Umul8.c estimated size: 19

C:\Program Files (x86)\Microchip\xc8\v1.33\sources\common\strlen.c
		_strlen        		CODE           	1376	0000	38

C:\Program Files (x86)\Microchip\xc8\v1.33\sources\common\strlen.c estimated size: 38

C:\Program Files (x86)\Microchip\xc8\v1.33\sources\common\fttol.c
		___fttol       		CODE           	15DC	0000	142

C:\Program Files (x86)\Microchip\xc8\v1.33\sources\common\fttol.c estimated size: 142

C:\Program Files (x86)\Microchip\xc8\v1.33\sources\common\ftadd.c
		___ftadd       		CODE           	0834	0000	265

C:\Program Files (x86)\Microchip\xc8\v1.33\sources\common\ftadd.c estimated size: 265

D:\JinBus\CpE 3201\Practical Activity #7\CpE 3201-LE7-3\dumalaganDa_LE7-3.c
		_I2C_RepeatedSt		CODE           	1240	0000	7
		_main          		CODE           	0D0E	0000	754
		_instCtrl      		CODE           	1298	0000	19
		_dataCtrl      		CODE           	1285	0000	19
		_init_I2C_Maste		CODE           	1265	0000	15
		_I2C_Stop      		CODE           	124E	0000	7
		_I2C_Wait      		CODE           	1255	0000	8
		_I2C_Send      		CODE           	0800	0000	9
		_delay_ms      		CODE           	139C	0000	39
		_I2C_Start     		CODE           	1247	0000	7
		_initLCD       		CODE           	1350	0000	38
		_I2C_Receive   		CODE           	132A	0000	38

D:\JinBus\CpE 3201\Practical Activity #7\CpE 3201-LE7-3\dumalaganDa_LE7-3.c estimated size: 960

C:\Program Files (x86)\Microchip\xc8\v1.33\sources\pic\ftdiv.c
		___ftdiv       		CODE           	0003	0000	184

C:\Program Files (x86)\Microchip\xc8\v1.33\sources\pic\ftdiv.c estimated size: 184

C:\Program Files (x86)\Microchip\xc8\v1.33\sources\common\lwtoft.c
		___lwtoft      		CODE           	12BE	0000	20

C:\Program Files (x86)\Microchip\xc8\v1.33\sources\common\lwtoft.c estimated size: 20

C:\Program Files (x86)\Microchip\xc8\v1.33\sources\common\lltoft.c
		___lltoft      		CODE           	0809	0000	43

C:\Program Files (x86)\Microchip\xc8\v1.33\sources\common\lltoft.c estimated size: 43

