Microchip MPLAB XC8 Compiler V1.33 ()

Linker command line:

--edf=C:\Program Files (x86)\Microchip\xc8\v1.33\dat\en_msgs.txt -cs \
  -h+CpE 3201-LE5-2.sym --cmf=CpE 3201-LE5-2.cmf -z -Q16F877A \
  -oC:\Users\danid\AppData\Local\Temp\saj8.6 -MCpE 3201-LE5-2.map -E1 \
  -ver=XC8 -ASTACK=0110h-016fh -pstack=STACK -ACONST=00h-0FFhx32 \
  -ACODE=00h-07FFhx4 -ASTRCODE=00h-01FFFh -AENTRY=00h-0FFhx32 \
  -ASTRING=00h-0FFhx32 -ACOMMON=070h-07Fh -ABANK0=020h-06Fh \
  -ABANK1=0A0h-0EFh -ABANK2=0110h-016Fh -ABANK3=0190h-01EFh \
  -ARAM=020h-06Fh,0A0h-0EFh,0110h-016Fh,0190h-01EFh \
  -AABS1=020h-07Fh,0A0h-0EFh,0110h-016Fh,0190h-01EFh -ASFR0=00h-01Fh \
  -ASFR1=080h-09Fh -ASFR2=0100h-010Fh -ASFR3=0180h-018Fh \
  -preset_vec=00h,intentry=04h,init,end_init -ppowerup=CODE -pcinit=CODE \
  -pfunctab=CODE -ACONFIG=02007h-02007h -pconfig=CONFIG -DCONFIG=2 \
  -AIDLOC=02000h-02003h -pidloc=IDLOC -DIDLOC=2 -AEEDATA=00h-0FFh/02100h \
  -peeprom_data=EEDATA -DEEDATA=2 -DCODE=2 -DSTRCODE=2 -DSTRING=2 -DCONST=2 \
  -DENTRY=2 -k startup.obj CpE 3201-LE5-2.obj 

Object code version is 3.11

Machine type is 16F877A



                Name                               Link     Load   Length Selector   Space Scale
startup.obj     end_init                             16       16        3        8       0
                reset_vec                             0        0        3        0       0
                config                             2007     2007        1     400E       0
CpE 3201-LE5-2.obj
                cinit                                19       19       14        8       0
                intentry                              4        4       12        8       0
                text18                              5A9      5A9       68        8       0
                text17                              FB7      FB7       21     1F6E       0
                text16                              FA8      FA8        F     1F50       0
                text15                              FD8      FD8       28     1FB0       0
                text14                              6CE      6CE       4F        8       0
                text13                              350      350       B6        8       0
                text12                              27D      27D       D3        8       0
                text11                              767      767       42        8       0
                text10                              174      174      109        8       0
                text9                               671      671       5D        8       0
                text8                               49F      49F       8E        8       0
                text7                               7A9      7A9       3A        8       0
                text6                               406      406       99        8       0
                text5                               F9E      F9E        A     1F3C       0
                text4                               71D      71D       4A        8       0
                text3                               611      611       60        8       0
                text2                               52D      52D       7C        8       0
                text1                                2D       2D      147        8       0
                maintext                            7E3      7E3       18        8       0
                cstackBANK0                          20       20       4E       20       1
                cstackCOMMON                         70       70        E       70       1
                cstackBANK1                          A0       A0       17       A0       1
                bssBANK1                             B7       B7        2       A0       1
                dataBANK0                            6E       6E        2       20       1
                idataBANK0                          7FB      7FB        2        8       0

TOTAL           Name                               Link     Load   Length     Space
        CLASS   STACK          

        CLASS   CONST          

        CLASS   CODE           
                end_init                             16       16        3         0
                cinit                                19       19       14         0
                intentry                              4        4       12         0
                reset_vec                             0        0        3         0
                text18                              5A9      5A9       68         0
                text17                              FB7      FB7       21         0
                text16                              FA8      FA8        F         0
                text15                              FD8      FD8       28         0
                text14                              6CE      6CE       4F         0
                text13                              350      350       B6         0
                text12                              27D      27D       D3         0
                text11                              767      767       42         0
                text10                              174      174      109         0
                text9                               671      671       5D         0
                text8                               49F      49F       8E         0
                text7                               7A9      7A9       3A         0
                text6                               406      406       99         0
                text5                               F9E      F9E        A         0
                text4                               71D      71D       4A         0
                text3                               611      611       60         0
                text2                               52D      52D       7C         0
                text1                                2D       2D      147         0
                maintext                            7E3      7E3       18         0
                idataBANK0                          7FB      7FB        2         0

        CLASS   STRCODE        

        CLASS   ENTRY          

        CLASS   STRING         

        CLASS   COMMON         
                cstackCOMMON                         70       70        E         1

        CLASS   BANK0          
                cstackBANK0                          20       20       4E         1
                dataBANK0                            6E       6E        2         1

        CLASS   BANK1          
                cstackBANK1                          A0       A0       17         1
                bssBANK1                             B7       B7        2         1

        CLASS   BANK2          

        CLASS   BANK3          

        CLASS   RAM            

        CLASS   ABS1           
                abs_s1                               7E       7E        2         1

        CLASS   SFR0           

        CLASS   SFR1           

        CLASS   SFR2           

        CLASS   SFR3           

        CLASS   CONFIG         
                config                             2007     2007        1         0

        CLASS   IDLOC          

        CLASS   EEDATA         



SEGMENTS        Name                           Load    Length   Top    Selector   Space  Class     Delta

                reset_vec                      000000  000003  000003         0       0  CODE        2
                intentry                       000004  0007F9  0007FD         8       0  CODE        2
                cstackBANK0                    000020  000050  000070        20       1  BANK0       1
                cstackCOMMON                   000070  00000E  00007E        70       1  COMMON      1
                cstackBANK1                    0000A0  000019  0000B9        A0       1  BANK1       1
                text5                          000F9E  00000A  000FA8      1F3C       0  CODE        2
                text16                         000FA8  00000F  000FB7      1F50       0  CODE        2
                text17                         000FB7  000021  000FD8      1F6E       0  CODE        2
                text15                         000FD8  000028  001000      1FB0       0  CODE        2
                config                         002007  000001  002008      400E       0  CONFIG      2


UNUSED ADDRESS RANGES

        Name                Unused          Largest block    Delta
        BANK1            00B9-00EF             37           1
        BANK2            0110-016F             60           1
        BANK3            0190-01EF             60           1
        CODE             0003-0003              1           2
                         07FD-0F9D              3
                         1000-1FFF            800
        CONST            0003-0003              1           2
                         07FD-0F9D            100
                         1000-1FFF            100
        EEDATA           2100-21FF            100           2
        ENTRY            0003-0003              1           2
                         07FD-0F9D            100
                         1000-1FFF            100
        IDLOC            2000-2003              4           2
        RAM              00B9-00EF             37           1
                         0110-016F             60
                         0190-01EF             60
        SFR0             0000-001F             20           1
        SFR1             0080-009F             20           1
        SFR2             0100-010F             10           1
        SFR3             0180-018F             10           1
        STACK            0110-016F             60           1
        STRCODE          0003-0003              1           2
                         07FD-0F9D            7A1
                         1000-1FFF           1000
        STRING           0003-0003              1           2
                         07FD-0F9D            100
                         1000-1FFF            100

                                  Symbol Table

?___altoft                       cstackBANK0  003E
?___awmod                        cstackBANK0  003E
?___awtoft                       cstackCOMMON 0078
?___ftadd                        cstackBANK0  0052
?___ftdiv                        cstackCOMMON 0078
?___ftmul                        cstackBANK0  0020
?___ftneg                        cstackBANK0  004F
?___ftpack                       cstackCOMMON 0070
?___fttol                        cstackBANK0  0030
?_floor                          cstackBANK0  005F
?_readADC                        cstackCOMMON 0070
?_round                          cstackBANK0  005F
?_round_to_one_decimal           cstackBANK0  0068
?_trunc                          cstackBANK0  0046
ISR@d_value                      cstackBANK1  00B0
ISR@decimal                      cstackBANK1  00AB
ISR@formattedResult              cstackBANK1  00B2
ISR@result                       cstackBANK1  00AE
ISR@resultOfConversion           cstackBANK1  00A8
ISR@whole                        cstackBANK1  00B5
_ADCON0                          (abs)        001F
_ADCON1                          (abs)        009F
_ADIE                            (abs)        0466
_ADIF                            (abs)        0066
_ADRESH                          (abs)        001E
_ADRESL                          (abs)        009E
_GIE                             (abs)        005F
_GO                              (abs)        00FA
_ISR                             text1        002D
_PEIE                            (abs)        005E
_PORTB                           (abs)        0006
_TRISB                           (abs)        0086
__CFG_BOREN$ON                   (abs)        0000
__CFG_CP$OFF                     (abs)        0000
__CFG_CPD$OFF                    (abs)        0000
__CFG_FOSC$XT                    (abs)        0000
__CFG_LVP$OFF                    (abs)        0000
__CFG_PWRTE$ON                   (abs)        0000
__CFG_WDTE$OFF                   (abs)        0000
__CFG_WRT$OFF                    (abs)        0000
__Habs1                          abs1         0000
__Hbank0                         bank0        0000
__Hbank1                         bank1        0000
__Hbank2                         bank2        0000
__Hbank3                         bank3        0000
__HbssBANK1                      bssBANK1     0000
__Hcinit                         cinit        002D
__Hclrtext                       clrtext      0000
__Hcode                          code         0000
__Hcommon                        common       0000
__Hconfig                        config       2008
__HcstackBANK0                   cstackBANK0  0000
__HcstackBANK1                   cstackBANK1  0000
__HcstackCOMMON                  cstackCOMMON 0000
__HdataBANK0                     dataBANK0    0000
__Heeprom_data                   eeprom_data  0000
__Hend_init                      end_init     0019
__Hfunctab                       functab      0000
__HidataBANK0                    idataBANK0   0000
__Hidloc                         idloc        0000
__Hinit                          init         0016
__Hintentry                      intentry     0016
__Hmaintext                      maintext     0000
__Hpowerup                       powerup      0000
__Hram                           ram          0000
__Hreset_vec                     reset_vec    0003
__Hsfr0                          sfr0         0000
__Hsfr1                          sfr1         0000
__Hsfr2                          sfr2         0000
__Hsfr3                          sfr3         0000
__Hspace_0                       (abs)        2008
__Hspace_1                       (abs)        00B9
__Hspace_2                       (abs)        0000
__Hspace_3                       (abs)        0000
__Hstack                         stack        0000
__Hstrings                       strings      0000
__Htext                          text         0000
__Labs1                          abs1         0000
__Lbank0                         bank0        0000
__Lbank1                         bank1        0000
__Lbank2                         bank2        0000
__Lbank3                         bank3        0000
__LbssBANK1                      bssBANK1     0000
__Lcinit                         cinit        0019
__Lclrtext                       clrtext      0000
__Lcode                          code         0000
__Lcommon                        common       0000
__Lconfig                        config       2007
__LcstackBANK0                   cstackBANK0  0000
__LcstackBANK1                   cstackBANK1  0000
__LcstackCOMMON                  cstackCOMMON 0000
__LdataBANK0                     dataBANK0    0000
__Leeprom_data                   eeprom_data  0000
__Lend_init                      end_init     0016
__Lfunctab                       functab      0000
__LidataBANK0                    idataBANK0   0000
__Lidloc                         idloc        0000
__Linit                          init         0016
__Lintentry                      intentry     0004
__Lmaintext                      maintext     0000
__Lpowerup                       powerup      0000
__Lram                           ram          0000
__Lreset_vec                     reset_vec    0000
__Lsfr0                          sfr0         0000
__Lsfr1                          sfr1         0000
__Lsfr2                          sfr2         0000
__Lsfr3                          sfr3         0000
__Lspace_0                       (abs)        0000
__Lspace_1                       (abs)        0000
__Lspace_2                       (abs)        0000
__Lspace_3                       (abs)        0000
__Lstack                         stack        0000
__Lstrings                       strings      0000
__Ltext                          text         0000
__S0                             (abs)        2008
__S1                             (abs)        00B9
__S2                             (abs)        0000
__S3                             (abs)        0000
___altoft                        text11       0767
___altoft@c                      cstackBANK0  003E
___altoft@exp                    cstackBANK0  0044
___altoft@sign                   cstackBANK0  0045
___awmod                         text14       06CE
___awmod@counter                 cstackBANK0  0043
___awmod@dividend                cstackBANK0  0040
___awmod@divisor                 cstackBANK0  003E
___awmod@sign                    cstackBANK0  0044
___awtoft                        text17       0FB7
___awtoft@c                      cstackCOMMON 0078
___awtoft@sign                   cstackCOMMON 007D
___ftadd                         text10       0174
___ftadd@exp1                    cstackBANK0  005E
___ftadd@exp2                    cstackBANK0  005D
___ftadd@f1                      cstackBANK0  0052
___ftadd@f2                      cstackBANK0  0055
___ftadd@sign                    cstackBANK0  005C
___ftdiv                         text13       0350
___ftdiv@cntr                    cstackBANK0  0024
___ftdiv@exp                     cstackBANK0  0028
___ftdiv@f1                      cstackCOMMON 007B
___ftdiv@f2                      cstackCOMMON 0078
___ftdiv@f3                      cstackBANK0  0025
___ftdiv@sign                    cstackBANK0  0029
___ftge                          text9        0671
___ftge@ff1                      cstackCOMMON 0070
___ftge@ff2                      cstackCOMMON 0073
___ftmul                         text12       027D
___ftmul@cntr                    cstackBANK0  002E
___ftmul@exp                     cstackBANK0  002A
___ftmul@f1                      cstackBANK0  0020
___ftmul@f2                      cstackBANK0  0023
___ftmul@f3_as_product           cstackBANK0  002B
___ftmul@sign                    cstackBANK0  002F
___ftneg                         text5        0F9E
___ftneg@f1                      cstackBANK0  004F
___ftpack                        text18       05A9
___ftpack@arg                    cstackCOMMON 0070
___ftpack@exp                    cstackCOMMON 0073
___ftpack@sign                   cstackCOMMON 0074
___fttol                         text8        049F
___fttol@exp1                    cstackBANK0  003D
___fttol@f1                      cstackBANK0  0030
___fttol@lval                    cstackBANK0  0039
___fttol@sign1                   cstackBANK0  0038
___int_sp                        stack        0000
___latbits                       (abs)        0002
___sp                            stack        0000
__end_of_ISR                     text1        0174
__end_of___altoft                text11       07A9
__end_of___awmod                 text14       071D
__end_of___awtoft                text17       0FD8
__end_of___ftadd                 text10       027D
__end_of___ftdiv                 text13       0406
__end_of___ftge                  text9        06CE
__end_of___ftmul                 text12       0350
__end_of___ftneg                 text5        0FA8
__end_of___ftpack                text18       0611
__end_of___fttol                 text8        052D
__end_of__initialization         cinit        0029
__end_of_delay                   text16       0FB7
__end_of_floor                   text6        049F
__end_of_frexp                   text7        07E3
__end_of_main                    maintext     07FB
__end_of_readADC                 text15       1000
__end_of_round                   text3        0671
__end_of_round_to_one_decimal    text2        05A9
__end_of_trunc                   text4        0767
__initialization                 cinit        0019
__pbssBANK1                      bssBANK1     00B7
__pcstackBANK0                   cstackBANK0  0020
__pcstackBANK1                   cstackBANK1  00A0
__pcstackCOMMON                  cstackCOMMON 0070
__pdataBANK0                     dataBANK0    006E
__pidataBANK0                    idataBANK0   07FB
__pintentry                      intentry     0004
__pmaintext                      maintext     07E3
__ptext1                         text1        002D
__ptext10                        text10       0174
__ptext11                        text11       0767
__ptext12                        text12       027D
__ptext13                        text13       0350
__ptext14                        text14       06CE
__ptext15                        text15       0FD8
__ptext16                        text16       0FA8
__ptext17                        text17       0FB7
__ptext18                        text18       05A9
__ptext2                         text2        052D
__ptext3                         text3        0611
__ptext4                         text4        071D
__ptext5                         text5        0F9E
__ptext6                         text6        0406
__ptext7                         text7        07A9
__ptext8                         text8        049F
__ptext9                         text9        0671
__size_of_ISR                    (abs)        0000
__size_of___altoft               (abs)        0000
__size_of___awmod                (abs)        0000
__size_of___awtoft               (abs)        0000
__size_of___ftadd                (abs)        0000
__size_of___ftdiv                (abs)        0000
__size_of___ftge                 (abs)        0000
__size_of___ftmul                (abs)        0000
__size_of___ftneg                (abs)        0000
__size_of___ftpack               (abs)        0000
__size_of___fttol                (abs)        0000
__size_of_delay                  (abs)        0000
__size_of_floor                  (abs)        0000
__size_of_frexp                  (abs)        0000
__size_of_main                   (abs)        0000
__size_of_readADC                (abs)        0000
__size_of_round                  (abs)        0000
__size_of_round_to_one_decimal   (abs)        0000
__size_of_trunc                  (abs)        0000
_count_flag                      dataBANK0    006E
_delay                           text16       0FA8
_errno                           bssBANK1     00B7
_floor                           text6        0406
_frexp                           text7        07A9
_main                            maintext     07E3
_readADC                         text15       0FD8
_round                           text3        0611
_round_to_one_decimal            text2        052D
_trunc                           text4        071D
btemp                            (abs)        007E
delay@cnt                        cstackCOMMON 0070
end_of_initialization            cinit        0029
floor@expon                      cstackBANK0  0066
floor@i                          cstackBANK0  0063
floor@x                          cstackBANK0  005F
frexp@eptr                       cstackCOMMON 0073
frexp@value                      cstackCOMMON 0070
interrupt_function               intentry     0004
intlevel0                        functab      0000
intlevel1                        functab      0000
intlevel2                        functab      0000
intlevel3                        functab      0000
intlevel4                        functab      0000
intlevel5                        functab      0000
ltemp                            (abs)        007E
ltemp0                           (abs)        007E
ltemp1                           (abs)        0082
ltemp2                           (abs)        0086
ltemp3                           (abs)        0080
readADC@temp                     cstackCOMMON 0074
reset_vec                        reset_vec    0000
round@f                          cstackBANK0  0062
round@x                          cstackBANK0  005F
round_to_one_decimal@num         cstackBANK0  0068
round_to_one_decimal@rounded_num cstackBANK0  006B
saved_w                          (abs)        007E
stackhi                          (abs)        0000
stacklo                          (abs)        0000
start                            init         0016
start_initialization             cinit        0019
trunc@expon                      cstackBANK0  004D
trunc@i                          cstackBANK0  004A
trunc@x                          cstackBANK0  0046
ttemp                            (abs)        007E
ttemp0                           (abs)        007E
ttemp1                           (abs)        0081
ttemp2                           (abs)        0084
ttemp3                           (abs)        0087
ttemp4                           (abs)        007F
wtemp                            (abs)        007E
wtemp0                           (abs)        007E
wtemp1                           (abs)        0080
wtemp2                           (abs)        0082
wtemp3                           (abs)        0084
wtemp4                           (abs)        0086
wtemp5                           (abs)        0088
wtemp6                           (abs)        007F


FUNCTION INFORMATION:

 *************** function _main *****************
 Defined at:
		line 66 in file "D:\JinBus\CpE 3201\Practical Activity #5\CpE 3201-LE5-2\LE5-2.c"
 Parameters:    Size  Location     Type
		None
 Auto vars:     Size  Location     Type
		None
 Return value:  Size  Location     Type
		None               void
 Registers used:
		wreg, status,2
 Tracked objects:
		On entry : 
		On exit  : 
		Unchanged: 
 Data sizes:     COMMON   BANK0   BANK1   BANK3   BANK2
      Params:         0       0       0       0       0
      Locals:         0       0       0       0       0
      Temps:          0       0       0       0       0
      Totals:         0       0       0       0       0
Total ram usage:        0 bytes
 Hardware stack levels required when called:    6
 This function calls:
		Nothing
 This function is called by:
		Startup code after reset
 This function uses a non-reentrant model


 *************** function _ISR *****************
 Defined at:
		line 42 in file "D:\JinBus\CpE 3201\Practical Activity #5\CpE 3201-LE5-2\LE5-2.c"
 Parameters:    Size  Location     Type
		None
 Auto vars:     Size  Location     Type
  formattedRes    3   18[BANK1 ] float 
  decimal         3   11[BANK1 ] float 
  resultOfConv    3    8[BANK1 ] float 
  whole           2   21[BANK1 ] int 
  result          2   14[BANK1 ] unsigned int 
  d_value         2   16[BANK1 ] int 
 Return value:  Size  Location     Type
		None               void
 Registers used:
		wreg, fsr0l, fsr0h, status,2, status,0, btemp+1, pclath, cstack
 Tracked objects:
		On entry : 
		On exit  : 
		Unchanged: 
 Data sizes:     COMMON   BANK0   BANK1   BANK3   BANK2
      Params:         0       0       0       0       0
      Locals:         0       0      15       0       0
      Temps:          0       0       8       0       0
      Totals:         0       0      23       0       0
Total ram usage:       23 bytes
 Hardware stack levels used:    1
 Hardware stack levels required when called:    5
 This function calls:
		___awtoft
		___ftadd
		___ftmul
		___ftneg
		___fttol
		_delay
		_readADC
		_round_to_one_decimal
 This function is called by:
		Interrupt level 1
 This function uses a non-reentrant model


 *************** function _round_to_one_decimal *****************
 Defined at:
		line 32 in file "D:\JinBus\CpE 3201\Practical Activity #5\CpE 3201-LE5-2\LE5-2.c"
 Parameters:    Size  Location     Type
  num             3   72[BANK0 ] float 
 Auto vars:     Size  Location     Type
  rounded_num     3   75[BANK0 ] float 
 Return value:  Size  Location     Type
                  3   72[BANK0 ] float 
 Registers used:
		wreg, fsr0l, fsr0h, status,2, status,0, btemp+1, pclath, cstack
 Tracked objects:
		On entry : 
		On exit  : 
		Unchanged: 
 Data sizes:     COMMON   BANK0   BANK1   BANK3   BANK2
      Params:         0       3       0       0       0
      Locals:         0       3       0       0       0
      Temps:          0       0       0       0       0
      Totals:         0       6       0       0       0
Total ram usage:        6 bytes
 Hardware stack levels used:    1
 Hardware stack levels required when called:    4
 This function calls:
		___awmod
		___ftdiv
		___ftmul
		___fttol
		_floor
		_round
 This function is called by:
		_ISR
 This function uses a non-reentrant model


 *************** function _round *****************
 Defined at:
		line 6 in file "C:\Program Files (x86)\Microchip\xc8\v1.33\sources\common\round.c"
 Parameters:    Size  Location     Type
  x               3   63[BANK0 ] float 
 Auto vars:     Size  Location     Type
  f               3   66[BANK0 ] float 
 Return value:  Size  Location     Type
                  3   63[BANK0 ] float 
 Registers used:
		wreg, fsr0l, fsr0h, status,2, status,0, btemp+1, pclath, cstack
 Tracked objects:
		On entry : 
		On exit  : 
		Unchanged: 
 Data sizes:     COMMON   BANK0   BANK1   BANK3   BANK2
      Params:         0       3       0       0       0
      Locals:         0       3       0       0       0
      Temps:          0       0       0       0       0
      Totals:         0       6       0       0       0
Total ram usage:        6 bytes
 Hardware stack levels used:    1
 Hardware stack levels required when called:    3
 This function calls:
		___ftadd
		___ftneg
		_trunc
 This function is called by:
		_round_to_one_decimal
 This function uses a non-reentrant model


 *************** function _trunc *****************
 Defined at:
		line 13 in file "C:\Program Files (x86)\Microchip\xc8\v1.33\sources\common\trunc.c"
 Parameters:    Size  Location     Type
  x               3   38[BANK0 ] float 
 Auto vars:     Size  Location     Type
  i               3   42[BANK0 ] float 
  expon           2   45[BANK0 ] int 
 Return value:  Size  Location     Type
                  3   38[BANK0 ] int 
 Registers used:
		wreg, fsr0l, fsr0h, status,2, status,0, btemp+1, pclath, cstack
 Tracked objects:
		On entry : 
		On exit  : 
		Unchanged: 
 Data sizes:     COMMON   BANK0   BANK1   BANK3   BANK2
      Params:         0       3       0       0       0
      Locals:         0       5       0       0       0
      Temps:          0       1       0       0       0
      Totals:         0       9       0       0       0
Total ram usage:        9 bytes
 Hardware stack levels used:    1
 Hardware stack levels required when called:    2
 This function calls:
		___altoft
		___fttol
		_frexp
 This function is called by:
		_round
 This function uses a non-reentrant model


 *************** function ___ftneg *****************
 Defined at:
		line 15 in file "C:\Program Files (x86)\Microchip\xc8\v1.33\sources\common\ftneg.c"
 Parameters:    Size  Location     Type
  f1              3   47[BANK0 ] float 
 Auto vars:     Size  Location     Type
		None
 Return value:  Size  Location     Type
                  3   47[BANK0 ] float 
 Registers used:
		wreg
 Tracked objects:
		On entry : 
		On exit  : 
		Unchanged: 
 Data sizes:     COMMON   BANK0   BANK1   BANK3   BANK2
      Params:         0       3       0       0       0
      Locals:         0       0       0       0       0
      Temps:          0       0       0       0       0
      Totals:         0       3       0       0       0
Total ram usage:        3 bytes
 Hardware stack levels used:    1
 This function calls:
		Nothing
 This function is called by:
		_ISR
		_round
 This function uses a non-reentrant model


 *************** function _floor *****************
 Defined at:
		line 13 in file "C:\Program Files (x86)\Microchip\xc8\v1.33\sources\common\floor.c"
 Parameters:    Size  Location     Type
  x               3   63[BANK0 ] float 
 Auto vars:     Size  Location     Type
  i               3   67[BANK0 ] float 
  expon           2   70[BANK0 ] int 
 Return value:  Size  Location     Type
                  3   63[BANK0 ] int 
 Registers used:
		wreg, fsr0l, fsr0h, status,2, status,0, btemp+1, pclath, cstack
 Tracked objects:
		On entry : 
		On exit  : 
		Unchanged: 
 Data sizes:     COMMON   BANK0   BANK1   BANK3   BANK2
      Params:         0       3       0       0       0
      Locals:         0       5       0       0       0
      Temps:          0       1       0       0       0
      Totals:         0       9       0       0       0
Total ram usage:        9 bytes
 Hardware stack levels used:    1
 Hardware stack levels required when called:    2
 This function calls:
		___altoft
		___ftadd
		___ftge
		___fttol
		_frexp
 This function is called by:
		_round_to_one_decimal
 This function uses a non-reentrant model


 *************** function _frexp *****************
 Defined at:
		line 254 in file "C:\Program Files (x86)\Microchip\xc8\v1.33\sources\common\frexp.c"
 Parameters:    Size  Location     Type
  value           3    0[COMMON] int 
  eptr            1    3[COMMON] PTR int 
		 -> trunc@expon(2), floor@expon(2), 
 Auto vars:     Size  Location     Type
		None
 Return value:  Size  Location     Type
                  3    0[COMMON] PTR int 
 Registers used:
		wreg, fsr0l, fsr0h, status,2, status,0, btemp+1
 Tracked objects:
		On entry : 
		On exit  : 
		Unchanged: 
 Data sizes:     COMMON   BANK0   BANK1   BANK3   BANK2
      Params:         4       0       0       0       0
      Locals:         0       0       0       0       0
      Temps:          2       0       0       0       0
      Totals:         6       0       0       0       0
Total ram usage:        6 bytes
 Hardware stack levels used:    1
 This function calls:
		Nothing
 This function is called by:
		_floor
		_trunc
 This function uses a non-reentrant model


 *************** function ___fttol *****************
 Defined at:
		line 44 in file "C:\Program Files (x86)\Microchip\xc8\v1.33\sources\common\fttol.c"
 Parameters:    Size  Location     Type
  f1              3   16[BANK0 ] float 
 Auto vars:     Size  Location     Type
  lval            4   25[BANK0 ] unsigned long 
  exp1            1   29[BANK0 ] unsigned char 
  sign1           1   24[BANK0 ] unsigned char 
 Return value:  Size  Location     Type
                  4   16[BANK0 ] long 
 Registers used:
		wreg, status,2, status,0
 Tracked objects:
		On entry : 
		On exit  : 
		Unchanged: 
 Data sizes:     COMMON   BANK0   BANK1   BANK3   BANK2
      Params:         0       4       0       0       0
      Locals:         0       6       0       0       0
      Temps:          0       4       0       0       0
      Totals:         0      14       0       0       0
Total ram usage:       14 bytes
 Hardware stack levels used:    1
 This function calls:
		Nothing
 This function is called by:
		_round_to_one_decimal
		_ISR
		_floor
		_trunc
 This function uses a non-reentrant model


 *************** function ___ftge *****************
 Defined at:
		line 4 in file "C:\Program Files (x86)\Microchip\xc8\v1.33\sources\common\ftge.c"
 Parameters:    Size  Location     Type
  ff1             3    0[COMMON] float 
  ff2             3    3[COMMON] float 
 Auto vars:     Size  Location     Type
		None
 Return value:  Size  Location     Type
		None               void
 Registers used:
		wreg, status,2, status,0
 Tracked objects:
		On entry : 
		On exit  : 
		Unchanged: 
 Data sizes:     COMMON   BANK0   BANK1   BANK3   BANK2
      Params:         6       0       0       0       0
      Locals:         0       0       0       0       0
      Temps:          6       0       0       0       0
      Totals:        12       0       0       0       0
Total ram usage:       12 bytes
 Hardware stack levels used:    1
 This function calls:
		Nothing
 This function is called by:
		_floor
 This function uses a non-reentrant model


 *************** function ___ftadd *****************
 Defined at:
		line 86 in file "C:\Program Files (x86)\Microchip\xc8\v1.33\sources\common\ftadd.c"
 Parameters:    Size  Location     Type
  f1              3   50[BANK0 ] float 
  f2              3   53[BANK0 ] float 
 Auto vars:     Size  Location     Type
  exp1            1   62[BANK0 ] unsigned char 
  exp2            1   61[BANK0 ] unsigned char 
  sign            1   60[BANK0 ] unsigned char 
 Return value:  Size  Location     Type
                  3   50[BANK0 ] float 
 Registers used:
		wreg, status,2, status,0, pclath, cstack
 Tracked objects:
		On entry : 
		On exit  : 
		Unchanged: 
 Data sizes:     COMMON   BANK0   BANK1   BANK3   BANK2
      Params:         0       6       0       0       0
      Locals:         0       3       0       0       0
      Temps:          0       4       0       0       0
      Totals:         0      13       0       0       0
Total ram usage:       13 bytes
 Hardware stack levels used:    1
 Hardware stack levels required when called:    1
 This function calls:
		___ftpack
 This function is called by:
		_ISR
		_floor
		_round
 This function uses a non-reentrant model


 *************** function ___altoft *****************
 Defined at:
		line 42 in file "C:\Program Files (x86)\Microchip\xc8\v1.33\sources\common\altoft.c"
 Parameters:    Size  Location     Type
  c               4   30[BANK0 ] long 
 Auto vars:     Size  Location     Type
  sign            1   37[BANK0 ] unsigned char 
  exp             1   36[BANK0 ] unsigned char 
 Return value:  Size  Location     Type
                  3   30[BANK0 ] float 
 Registers used:
		wreg, status,2, status,0, pclath, cstack
 Tracked objects:
		On entry : 
		On exit  : 
		Unchanged: 
 Data sizes:     COMMON   BANK0   BANK1   BANK3   BANK2
      Params:         0       4       0       0       0
      Locals:         0       2       0       0       0
      Temps:          0       2       0       0       0
      Totals:         0       8       0       0       0
Total ram usage:        8 bytes
 Hardware stack levels used:    1
 Hardware stack levels required when called:    1
 This function calls:
		___ftpack
 This function is called by:
		_floor
		_trunc
 This function uses a non-reentrant model


 *************** function ___ftmul *****************
 Defined at:
		line 62 in file "C:\Program Files (x86)\Microchip\xc8\v1.33\sources\common\ftmul.c"
 Parameters:    Size  Location     Type
  f1              3    0[BANK0 ] float 
  f2              3    3[BANK0 ] float 
 Auto vars:     Size  Location     Type
  f3_as_produc    3   11[BANK0 ] unsigned um
  sign            1   15[BANK0 ] unsigned char 
  cntr            1   14[BANK0 ] unsigned char 
  exp             1   10[BANK0 ] unsigned char 
 Return value:  Size  Location     Type
                  3    0[BANK0 ] float 
 Registers used:
		wreg, status,2, status,0, pclath, cstack
 Tracked objects:
		On entry : 
		On exit  : 
		Unchanged: 
 Data sizes:     COMMON   BANK0   BANK1   BANK3   BANK2
      Params:         0       6       0       0       0
      Locals:         0       6       0       0       0
      Temps:          0       4       0       0       0
      Totals:         0      16       0       0       0
Total ram usage:       16 bytes
 Hardware stack levels used:    1
 Hardware stack levels required when called:    1
 This function calls:
		___ftpack
 This function is called by:
		_round_to_one_decimal
		_ISR
 This function uses a non-reentrant model


 *************** function ___ftdiv *****************
 Defined at:
		line 49 in file "C:\Program Files (x86)\Microchip\xc8\v1.33\sources\pic\ftdiv.c"
 Parameters:    Size  Location     Type
  f2              3    8[COMMON] float 
  f1              3   11[COMMON] float 
 Auto vars:     Size  Location     Type
  f3              3    5[BANK0 ] float 
  sign            1    9[BANK0 ] unsigned char 
  exp             1    8[BANK0 ] unsigned char 
  cntr            1    4[BANK0 ] unsigned char 
 Return value:  Size  Location     Type
                  3    8[COMMON] float 
 Registers used:
		wreg, status,2, status,0, pclath, cstack
 Tracked objects:
		On entry : 
		On exit  : 
		Unchanged: 
 Data sizes:     COMMON   BANK0   BANK1   BANK3   BANK2
      Params:         6       0       0       0       0
      Locals:         0       6       0       0       0
      Temps:          0       4       0       0       0
      Totals:         6      10       0       0       0
Total ram usage:       16 bytes
 Hardware stack levels used:    1
 Hardware stack levels required when called:    1
 This function calls:
		___ftpack
 This function is called by:
		_round_to_one_decimal
 This function uses a non-reentrant model


 *************** function ___awmod *****************
 Defined at:
		line 6 in file "C:\Program Files (x86)\Microchip\xc8\v1.33\sources\common\awmod.c"
 Parameters:    Size  Location     Type
  divisor         2   30[BANK0 ] int 
  dividend        2   32[BANK0 ] int 
 Auto vars:     Size  Location     Type
  sign            1   36[BANK0 ] unsigned char 
  counter         1   35[BANK0 ] unsigned char 
 Return value:  Size  Location     Type
                  2   30[BANK0 ] int 
 Registers used:
		wreg, status,2, status,0
 Tracked objects:
		On entry : 
		On exit  : 
		Unchanged: 
 Data sizes:     COMMON   BANK0   BANK1   BANK3   BANK2
      Params:         0       4       0       0       0
      Locals:         0       2       0       0       0
      Temps:          0       1       0       0       0
      Totals:         0       7       0       0       0
Total ram usage:        7 bytes
 Hardware stack levels used:    1
 This function calls:
		Nothing
 This function is called by:
		_round_to_one_decimal
 This function uses a non-reentrant model


 *************** function _readADC *****************
 Defined at:
		line 23 in file "D:\JinBus\CpE 3201\Practical Activity #5\CpE 3201-LE5-2\LE5-2.c"
 Parameters:    Size  Location     Type
		None
 Auto vars:     Size  Location     Type
  temp            2    4[COMMON] int 
 Return value:  Size  Location     Type
                  2    0[COMMON] int 
 Registers used:
		wreg, status,2, status,0, btemp+1
 Tracked objects:
		On entry : 
		On exit  : 
		Unchanged: 
 Data sizes:     COMMON   BANK0   BANK1   BANK3   BANK2
      Params:         2       0       0       0       0
      Locals:         2       0       0       0       0
      Temps:          2       0       0       0       0
      Totals:         6       0       0       0       0
Total ram usage:        6 bytes
 Hardware stack levels used:    1
 This function calls:
		Nothing
 This function is called by:
		_ISR
 This function uses a non-reentrant model


 *************** function _delay *****************
 Defined at:
		line 19 in file "D:\JinBus\CpE 3201\Practical Activity #5\CpE 3201-LE5-2\LE5-2.c"
 Parameters:    Size  Location     Type
  cnt             2    0[COMMON] int 
 Auto vars:     Size  Location     Type
		None
 Return value:  Size  Location     Type
		None               void
 Registers used:
		wreg
 Tracked objects:
		On entry : 
		On exit  : 
		Unchanged: 
 Data sizes:     COMMON   BANK0   BANK1   BANK3   BANK2
      Params:         2       0       0       0       0
      Locals:         0       0       0       0       0
      Temps:          0       0       0       0       0
      Totals:         2       0       0       0       0
Total ram usage:        2 bytes
 Hardware stack levels used:    1
 This function calls:
		Nothing
 This function is called by:
		_ISR
 This function uses a non-reentrant model


 *************** function ___awtoft *****************
 Defined at:
		line 32 in file "C:\Program Files (x86)\Microchip\xc8\v1.33\sources\common\awtoft.c"
 Parameters:    Size  Location     Type
  c               2    8[COMMON] int 
 Auto vars:     Size  Location     Type
  sign            1   13[COMMON] unsigned char 
 Return value:  Size  Location     Type
                  3    8[COMMON] float 
 Registers used:
		wreg, status,2, status,0, pclath, cstack
 Tracked objects:
		On entry : 
		On exit  : 
		Unchanged: 
 Data sizes:     COMMON   BANK0   BANK1   BANK3   BANK2
      Params:         3       0       0       0       0
      Locals:         1       0       0       0       0
      Temps:          2       0       0       0       0
      Totals:         6       0       0       0       0
Total ram usage:        6 bytes
 Hardware stack levels used:    1
 Hardware stack levels required when called:    1
 This function calls:
		___ftpack
 This function is called by:
		_ISR
 This function uses a non-reentrant model


 *************** function ___ftpack *****************
 Defined at:
		line 62 in file "C:\Program Files (x86)\Microchip\xc8\v1.33\sources\common\float.c"
 Parameters:    Size  Location     Type
  arg             3    0[COMMON] unsigned um
  exp             1    3[COMMON] unsigned char 
  sign            1    4[COMMON] unsigned char 
 Auto vars:     Size  Location     Type
		None
 Return value:  Size  Location     Type
                  3    0[COMMON] float 
 Registers used:
		wreg, status,2, status,0
 Tracked objects:
		On entry : 
		On exit  : 
		Unchanged: 
 Data sizes:     COMMON   BANK0   BANK1   BANK3   BANK2
      Params:         5       0       0       0       0
      Locals:         0       0       0       0       0
      Temps:          3       0       0       0       0
      Totals:         8       0       0       0       0
Total ram usage:        8 bytes
 Hardware stack levels used:    1
 This function calls:
		Nothing
 This function is called by:
		___altoft
		___awtoft
		___ftadd
		___ftdiv
		___ftmul
 This function uses a non-reentrant model



MODULE INFORMATION

Module		Function		Class		Link	Load	Size
C:\Program Files (x86)\Microchip\xc8\v1.33\sources\common\ftneg.c
		___ftneg       		CODE           	0F9E	0000	10

C:\Program Files (x86)\Microchip\xc8\v1.33\sources\common\ftneg.c estimated size: 10

C:\Program Files (x86)\Microchip\xc8\v1.33\sources\common\ftge.c
		___ftge        		CODE           	0671	0000	93

C:\Program Files (x86)\Microchip\xc8\v1.33\sources\common\ftge.c estimated size: 93

C:\Program Files (x86)\Microchip\xc8\v1.33\sources\common\float.c
		___ftpack      		CODE           	05A9	0000	104

C:\Program Files (x86)\Microchip\xc8\v1.33\sources\common\float.c estimated size: 104

C:\Program Files (x86)\Microchip\xc8\v1.33\sources\common\awmod.c
		___awmod       		CODE           	06CE	0000	79

C:\Program Files (x86)\Microchip\xc8\v1.33\sources\common\awmod.c estimated size: 79

C:\Program Files (x86)\Microchip\xc8\v1.33\sources\common\frexp.c
		_frexp         		CODE           	07A9	0000	58

C:\Program Files (x86)\Microchip\xc8\v1.33\sources\common\frexp.c estimated size: 58

C:\Program Files (x86)\Microchip\xc8\v1.33\sources\common\floor.c
		_floor         		CODE           	0406	0000	153

C:\Program Files (x86)\Microchip\xc8\v1.33\sources\common\floor.c estimated size: 153

C:\Program Files (x86)\Microchip\xc8\v1.33\sources\common\ftmul.c
		___ftmul       		CODE           	027D	0000	211

C:\Program Files (x86)\Microchip\xc8\v1.33\sources\common\ftmul.c estimated size: 211

shared
		__initializatio		CODE           	0019	0000	16

shared estimated size: 16

C:\Program Files (x86)\Microchip\xc8\v1.33\sources\common\trunc.c
		_trunc         		CODE           	071D	0000	74

C:\Program Files (x86)\Microchip\xc8\v1.33\sources\common\trunc.c estimated size: 74

C:\Program Files (x86)\Microchip\xc8\v1.33\sources\common\fttol.c
		___fttol       		CODE           	049F	0000	142

C:\Program Files (x86)\Microchip\xc8\v1.33\sources\common\fttol.c estimated size: 142

C:\Program Files (x86)\Microchip\xc8\v1.33\sources\common\awtoft.c
		___awtoft      		CODE           	0FB7	0000	33

C:\Program Files (x86)\Microchip\xc8\v1.33\sources\common\awtoft.c estimated size: 33

C:\Program Files (x86)\Microchip\xc8\v1.33\sources\common\altoft.c
		___altoft      		CODE           	0767	0000	66

C:\Program Files (x86)\Microchip\xc8\v1.33\sources\common\altoft.c estimated size: 66

D:\JinBus\CpE 3201\Practical Activity #5\CpE 3201-LE5-2\LE5-2.c
		_delay         		CODE           	0FA8	0000	15
		_ISR           		CODE           	002D	0000	327
		_main          		CODE           	07E3	0000	24
		_round_to_one_d		CODE           	052D	0000	124
		_readADC       		CODE           	0FD8	0000	40

D:\JinBus\CpE 3201\Practical Activity #5\CpE 3201-LE5-2\LE5-2.c estimated size: 530

C:\Program Files (x86)\Microchip\xc8\v1.33\sources\common\ftadd.c
		___ftadd       		CODE           	0174	0000	265

C:\Program Files (x86)\Microchip\xc8\v1.33\sources\common\ftadd.c estimated size: 265

C:\Program Files (x86)\Microchip\xc8\v1.33\sources\pic\ftdiv.c
		___ftdiv       		CODE           	0350	0000	182

C:\Program Files (x86)\Microchip\xc8\v1.33\sources\pic\ftdiv.c estimated size: 182

C:\Program Files (x86)\Microchip\xc8\v1.33\sources\common\round.c
		_round         		CODE           	0611	0000	96

C:\Program Files (x86)\Microchip\xc8\v1.33\sources\common\round.c estimated size: 96

